[2026-09-06 09:43:35,750] perf-loadgen/INFO/locust.main: Starting Locust 2.46.4
[2026-09-06 09:43:35,751] perf-loadgen/INFO/locust.main: Starting web interface at http://127.0.0.1:8089, press enter to open your default browser.
[2026-09-06 09:43:35,762] perf-loadgen/INFO/locust.main: Run time limit set to 600 seconds
[2026-09-06 09:43:35,766] perf-loadgen/INFO/locust.runners: Ramping to 3000 users at a rate of 25.00 per second
[2026-09-06 09:45:35,584] perf-loadgen/INFO/locust.runners: All users spawned: {"Glancer": 1286, "IntegrationBot": 429, "Worker": 1285} (3000 total users)
[2026-09-06 09:53:35,524] perf-loadgen/INFO/locust.main: --run-time limit reached, stopping test
[2026-09-06 09:53:54,528] perf-loadgen/INFO/locust.main: --autoquit time reached, shutting down
[2026-09-06 09:53:54,585] perf-loadgen/INFO/locust.main: Shutting down (exit code 0)
Type     Name                                                                          # reqs      # fails |    Avg     Min     Max    Med |   req/s  failures/s
--------|----------------------------------------------------------------------------|-------|-------------|-------|-------|-------|-------|--------|-----------
GET      /avatar/{username}                                                             54379     0(0.00%) |      3       1     122      3 |   88.60        0.00
GET      /info                                                                           4910     0(0.00%) |      7       0      49      4 |    8.00        0.00
GET      /labels                                                                         4910     0(0.00%) |     10       2      42      9 |    8.00        0.00
POST     /login                                                                          2973     0(0.00%) |     36       5     183     35 |    4.84        0.00
GET      /projects                                                                       4910     0(0.00%) |     19       5      76     17 |    8.00        0.00
GET      /projects [bot]                                                                18707     0(0.00%) |     11       6     209     11 |   30.48        0.00
POST     /projects [create]                                                               413     0(0.00%) |     28      18      79     28 |    0.67        0.00
GET      /projects/{id}                                                                 14133     0(0.00%) |      6       2     259      5 |   23.03        0.00
GET      /projects/{id}/tasks [bot]                                                     47965     0(0.00%) |     11       6     218     11 |   78.15        0.00
POST     /projects/{id}/tasks [create]                                                   2015     0(0.00%) |     17      11      70     16 |    3.28        0.00
GET      /projects/{id}/views/{view}/buckets/tasks [kanban]                              3992     0(0.00%) |     16       8      59     16 |    6.50        0.00
PUT      /projects/{id}/views/{view}/buckets/{bucket}/tasks [move]                        577     0(0.00%) |     13       3      59     14 |    0.94        0.00
GET      /projects/{id}/views/{view}/tasks [gantt]                                        825     0(0.00%) |     15       5      66     15 |    1.34        0.00
GET      /projects/{id}/views/{view}/tasks [list]                                       15060     0(0.00%) |     13       2     310     12 |   24.54        0.00
GET      /tasks [bot]                                                                    6245     0(0.00%) |     16       9     158     16 |   10.17        0.00
GET      /tasks [home]                                                                  10900     0(0.00%) |     18       8     102     16 |   17.76        0.00
GET      /tasks/{id}                                                                     4907     0(0.00%) |     13       7     153     12 |    7.99        0.00
GET      /tasks/{id} [bot]                                                             135723     0(0.00%) |     10       5     255     10 |  221.13        0.00
PATCH    /tasks/{id} [patch]                                                             2472     0(0.00%) |     18       5      89     16 |    4.03        0.00
GET      /tasks/{id}/comments                                                            4907     0(0.00%) |      5       2     433      5 |    7.99        0.00
POST     /tasks/{id}/comments [create]                                                    435     0(0.00%) |      7       4      59      6 |    0.71        0.00
POST     /tasks/{id}/labels [add]                                                         810     0(0.00%) |     14       6      61     14 |    1.32        0.00
PUT      /tasks/{id}/position                                                            1197     0(0.00%) |      9       5      64      9 |    1.95        0.00
PUT      /tasks/{id}/read                                                                4907     0(0.00%) |      3       1      33      3 |    7.99        0.00
GET      /user                                                                           4910     0(0.00%) |      7       1      40      5 |    8.00        0.00
POST     /user/token/refresh                                                             5801     0(0.00%) |     10       3     226      8 |    9.45        0.00
WS       connect+auth+subscribe                                                          4910     0(0.00%) |     11       1      68      6 |    8.00        0.00
--------|----------------------------------------------------------------------------|-------|-------------|-------|-------|-------|-------|--------|-----------
         Aggregated                                                                    363893     0(0.00%) |     10       0     433     10 |  592.89        0.00

Response time percentiles (approximated)
Type     Name                                                                                  50%    66%    75%    80%    90%    95%    98%    99%  99.9% 99.99%   100% # reqs
--------|--------------------------------------------------------------------------------|--------|------|------|------|------|------|------|------|------|------|------|------
GET      /avatar/{username}                                                                      3      3      3      3      4      5      9     13     25     38    120  54379
GET      /info                                                                                   4     11     14     15     18     21     25     30     43     49     49   4910
GET      /labels                                                                                 9     12     14     15     18     21     25     27     37     42     42   4910
POST     /login                                                                                 35     40     43     45     51     57     66     86    180    180    180   2973
GET      /projects                                                                              17     24     26     28     33     38     43     47     61     77     77   4910
GET      /projects [bot]                                                                        11     12     13     13     15     17     22     32     59    100    210  18707
POST     /projects [create]                                                                     28     30     31     32     36     40     46     48     79     79     79    413
GET      /projects/{id}                                                                          5      6      7      7      8     11     17     22     42    250    260  14133
GET      /projects/{id}/tasks [bot]                                                             11     12     12     13     14     17     23     32     62    150    220  47965
POST     /projects/{id}/tasks [create]                                                          16     18     19     20     22     25     32     41     65     70     70   2015
GET      /projects/{id}/views/{view}/buckets/tasks [kanban]                                     16     17     18     19     21     24     29     33     58     59     59   3992
PUT      /projects/{id}/views/{view}/buckets/{bucket}/tasks [move]                              14     16     16     17     20     22     28     34     59     59     59    577
GET      /projects/{id}/views/{view}/tasks [gantt]                                              15     16     17     18     20     23     28     31     66     66     66    825
GET      /projects/{id}/views/{view}/tasks [list]                                               12     13     14     15     17     19     25     32     54    250    310  15060
GET      /tasks [bot]                                                                           16     17     18     18     21     23     30     39     84    160    160   6245
GET      /tasks [home]                                                                          16     19     22     23     26     30     35     41     63    100    100  10900
GET      /tasks/{id}                                                                            12     13     14     15     17     20     28     33     54    150    150   4907
GET      /tasks/{id} [bot]                                                                      10     11     11     12     13     15     22     30     61    170    260 135723
PATCH    /tasks/{id} [patch]                                                                    16     18     21     23     30     34     39     46     72     89     89   2472
GET      /tasks/{id}/comments                                                                    5      5      5      6      7      9     15     19     36    430    430   4907
POST     /tasks/{id}/comments [create]                                                           6      7      7      8      9     13     20     25     59     59     59    435
POST     /tasks/{id}/labels [add]                                                               14     15     16     16     19     24     33     43     62     62     62    810
PUT      /tasks/{id}/position                                                                    9      9     10     10     12     14     20     24     59     65     65   1197
PUT      /tasks/{id}/read                                                                        3      3      3      3      4      5      9     13     27     34     34   4907
GET      /user                                                                                   5     11     13     14     17     19     22     24     32     40     40   4910
POST     /user/token/refresh                                                                     8     10     13     15     20     24     31     35     68    230    230   5801
WS       connect+auth+subscribe                                                                  6     16     20     22     27     31     39     46     63     69     69   4910
--------|--------------------------------------------------------------------------------|--------|------|------|------|------|------|------|------|------|------|------|------
         Aggregated                                                                             10     11     12     13     16     21     30     37     62    170    430 363893

