[2026-09-05 23:23:02,064] perf-loadgen/INFO/locust.main: Starting Locust 2.46.4
[2026-09-05 23:23:02,065] perf-loadgen/INFO/locust.main: Starting web interface at http://127.0.0.1:8089, press enter to open your default browser.
[2026-09-05 23:23:02,077] perf-loadgen/INFO/locust.main: Run time limit set to 600 seconds
[2026-09-05 23:23:02,081] perf-loadgen/INFO/locust.runners: Ramping to 3000 users at a rate of 25.00 per second
[2026-09-05 23:25:02,046] perf-loadgen/INFO/locust.runners: All users spawned: {"Glancer": 1286, "IntegrationBot": 429, "Worker": 1285} (3000 total users)
[2026-09-05 23:33:01,862] perf-loadgen/INFO/locust.main: --run-time limit reached, stopping test
[2026-09-05 23:33:25,477] perf-loadgen/INFO/locust.main: --autoquit time reached, shutting down
[2026-09-05 23:33:25,537] perf-loadgen/INFO/locust.main: Shutting down (exit code 1)
Type     Name                                                                          # reqs      # fails |    Avg     Min     Max    Med |   req/s  failures/s
--------|----------------------------------------------------------------------------|-------|-------------|-------|-------|-------|-------|--------|-----------
GET      /avatar/{username}                                                             54294     0(0.00%) |      5       1     229      4 |   87.80        0.00
GET      /info                                                                           4882     0(0.00%) |      7       0      61      4 |    7.89        0.00
GET      /labels                                                                         4882     0(0.00%) |     14       3     200     12 |    7.89        0.00
POST     /login                                                                          2925     0(0.00%) |     44       5     478     43 |    4.73        0.00
GET      /projects                                                                       4882     0(0.00%) |     24       6     183     23 |    7.89        0.00
GET      /projects [bot]                                                                18414     0(0.00%) |     29      12     462     24 |   29.78        0.00
POST     /projects [create]                                                               381     0(0.00%) |     42      20     136     37 |    0.62        0.00
GET      /projects/{id}                                                                 14028     0(0.00%) |     11       3    1016      8 |   22.68        0.00
GET      /projects/{id}/tasks [bot]                                                     47595     0(0.00%) |     30      12    1043     24 |   76.97        0.00
POST     /projects/{id}/tasks [create]                                                   1900     1(0.05%) |     27      11     242     22 |    3.07        0.00
GET      /projects/{id}/views/{view}/buckets/tasks [kanban]                              3896     0(0.00%) |     25       8     156     21 |    6.30        0.00
PUT      /projects/{id}/views/{view}/buckets/{bucket}/tasks [move]                        532     0(0.00%) |     19       3     102     17 |    0.86        0.00
GET      /projects/{id}/views/{view}/tasks [gantt]                                        785     0(0.00%) |     23       5     158     19 |    1.27        0.00
GET      /projects/{id}/views/{view}/tasks [list]                                       14978     0(0.00%) |     21       3     303     17 |   24.22        0.00
GET      /tasks [bot]                                                                    6198     0(0.00%) |     36      16     376     30 |   10.02        0.00
GET      /tasks [home]                                                                  10987     0(0.00%) |     26       9     314     22 |   17.77        0.00
GET      /tasks/{id}                                                                     4734     0(0.00%) |     22       8     247     18 |    7.66        0.00
GET      /tasks/{id} [bot]                                                             133063     0(0.00%) |     29      11     468     23 |  215.17        0.00
PATCH    /tasks/{id} [patch]                                                             2432     0(0.00%) |     29       6     215     23 |    3.93        0.00
GET      /tasks/{id}/comments                                                            4734     0(0.00%) |      9       3     153      7 |    7.66        0.00
POST     /tasks/{id}/comments [create]                                                    372     0(0.00%) |     10       4      57      8 |    0.60        0.00
POST     /tasks/{id}/labels [add]                                                         828     0(0.00%) |     21       6      97     18 |    1.34        0.00
PUT      /tasks/{id}/position                                                            1152     0(0.00%) |     15       6     122     12 |    1.86        0.00
PUT      /tasks/{id}/read                                                                4734     0(0.00%) |      4       1     189      3 |    7.66        0.00
GET      /user                                                                           4882     0(0.00%) |     10       1    1028      7 |    7.89        0.00
POST     /user/token/refresh                                                             5831     0(0.00%) |     13       3     257     10 |    9.43        0.00
WS       connect+auth+subscribe                                                          4882     0(0.00%) |     10       1      52      7 |    7.89        0.00
--------|----------------------------------------------------------------------------|-------|-------------|-------|-------|-------|-------|--------|-----------
         Aggregated                                                                    359203     1(0.00%) |     22       0    1043     20 |  580.86        0.00

Response time percentiles (approximated)
Type     Name                                                                                  50%    66%    75%    80%    90%    95%    98%    99%  99.9% 99.99%   100% # reqs
--------|--------------------------------------------------------------------------------|--------|------|------|------|------|------|------|------|------|------|------|------
GET      /avatar/{username}                                                                      4      5      5      6      9     13     19     25     63    140    230  54294
GET      /info                                                                                   4      8     11     13     18     24     30     33     48     62     62   4882
GET      /labels                                                                                12     15     17     19     23     29     41     52    130    200    200   4882
POST     /login                                                                                 43     49     53     56     66     76     90    120    180    480    480   2925
GET      /projects                                                                              23     28     32     35     42     48     57     67    130    180    180   4882
GET      /projects [bot]                                                                        24     28     32     35     47     61     83    100    250    410    460  18414
POST     /projects [create]                                                                     37     43     49     53     67     89    110    120    140    140    140    381
GET      /projects/{id}                                                                          8     10     13     14     20     27     37     48    110    210   1000  14028
GET      /projects/{id}/tasks [bot]                                                             24     29     33     36     49     64     87    110    230    380   1000  47595
POST     /projects/{id}/tasks [create]                                                          22     28     32     36     48     59     79     92    140    240    240   1900
GET      /projects/{id}/views/{view}/buckets/tasks [kanban]                                     22     26     30     33     43     54     68     80    110    160    160   3896
PUT      /projects/{id}/views/{view}/buckets/{bucket}/tasks [move]                              17     21     24     27     35     44     62     78    100    100    100    532
GET      /projects/{id}/views/{view}/tasks [gantt]                                              19     24     27     29     40     55     72     80    160    160    160    785
GET      /projects/{id}/views/{view}/tasks [list]                                               17     21     24     27     36     46     58     70    140    260    300  14978
GET      /tasks [bot]                                                                           30     36     40     44     58     75     99    120    240    380    380   6198
GET      /tasks [home]                                                                          22     27     32     35     45     56     70     81    150    260    310  10987
GET      /tasks/{id}                                                                            18     22     26     29     39     52     66     77    150    250    250   4734
GET      /tasks/{id} [bot]                                                                      23     28     32     35     48     63     85    100    230    380    470 133063
PATCH    /tasks/{id} [patch]                                                                    23     30     35     39     51     65     87    110    190    220    220   2432
GET      /tasks/{id}/comments                                                                    7      9     11     12     17     23     32     39     81    150    150   4734
POST     /tasks/{id}/comments [create]                                                           8     11     13     14     20     25     34     40     57     57     57    372
POST     /tasks/{id}/labels [add]                                                               18     22     24     27     36     45     60     72     98     98     98    828
PUT      /tasks/{id}/position                                                                   12     16     18     19     27     35     44     52    110    120    120   1152
PUT      /tasks/{id}/read                                                                        3      4      5      6      9     13     18     24     66    190    190   4734
GET      /user                                                                                   7     12     14     15     19     23     33     41     91   1000   1000   4882
POST     /user/token/refresh                                                                    10     14     17     19     25     31     40     49    240    260    260   5831
WS       connect+auth+subscribe                                                                  7     12     15     17     22     26     31     34     48     53     53   4882
--------|--------------------------------------------------------------------------------|--------|------|------|------|------|------|------|------|------|------|------|------
         Aggregated                                                                             20     24     28     31     42     55     76     92    200    350   1000 359203

Error report
# occurrences      Error                                                                                               
------------------|---------------------------------------------------------------------------------------------------------------------------------------------
1                  POST /projects/{id}/tasks [create]: LocustBadStatusCode(code=500)                                   
------------------|---------------------------------------------------------------------------------------------------------------------------------------------

