[2026-09-06 12:41:49,575] perf-loadgen/INFO/locust.main: Starting Locust 2.46.4
[2026-09-06 12:41:49,599] perf-loadgen/INFO/locust.main: Starting web interface at http://127.0.0.1:8089, press enter to open your default browser.
[2026-09-06 12:41:49,617] perf-loadgen/INFO/locust.runners: perf-loadgen_ef05e54fe56048938e4879b951ef611d (index 0) reported as ready. 1 workers connected.
[2026-09-06 12:41:49,617] perf-loadgen/INFO/locust.runners: perf-loadgen_75b8b8794c9c4db09c1f56cbe72cbcbe (index 1) reported as ready. 2 workers connected.
[2026-09-06 12:41:49,618] perf-loadgen/INFO/locust.runners: perf-loadgen_3e0205ff9498462ab6cf6c848bdf177d (index 2) reported as ready. 3 workers connected.
[2026-09-06 12:41:49,618] perf-loadgen/INFO/locust.runners: perf-loadgen_9b044f7331e0476280f33ccf9ca8bb7e (index 3) reported as ready. 4 workers connected.
[2026-09-06 12:41:50,618] perf-loadgen/INFO/locust.main: Run time limit set to 600 seconds
[2026-09-06 12:41:50,618] perf-loadgen/INFO/locust.runners: Sending spawn jobs of 10000 users at 80.00 spawn rate to 4 ready workers
[2026-09-06 12:43:54,825] perf-loadgen/INFO/locust.runners: All users spawned: {"Glancer": 4286, "IntegrationBot": 1429, "Worker": 4285} (10000 total users)
[2026-09-06 12:51:50,619] perf-loadgen/INFO/locust.main: --run-time limit reached, stopping test
[2026-09-06 12:52:06,597] perf-loadgen/INFO/locust.runners: perf-loadgen_75b8b8794c9c4db09c1f56cbe72cbcbe (index 1) reported that it has stopped
[2026-09-06 12:52:06,951] perf-loadgen/INFO/locust.runners: perf-loadgen_3e0205ff9498462ab6cf6c848bdf177d (index 2) reported that it has stopped
[2026-09-06 12:52:08,067] perf-loadgen/INFO/locust.runners: Discarded report from unrecognized worker perf-loadgen_3e0205ff9498462ab6cf6c848bdf177d
[2026-09-06 12:52:08,091] perf-loadgen/INFO/locust.runners: Discarded report from unrecognized worker perf-loadgen_75b8b8794c9c4db09c1f56cbe72cbcbe
[2026-09-06 12:52:08,688] perf-loadgen/INFO/locust.runners: perf-loadgen_ef05e54fe56048938e4879b951ef611d (index 0) reported that it has stopped
[2026-09-06 12:52:09,513] perf-loadgen/INFO/locust.runners: perf-loadgen_9b044f7331e0476280f33ccf9ca8bb7e (index 3) reported that it has stopped
[2026-09-06 12:52:11,069] perf-loadgen/INFO/locust.runners: Discarded report from unrecognized worker perf-loadgen_3e0205ff9498462ab6cf6c848bdf177d
[2026-09-06 12:52:11,072] perf-loadgen/INFO/locust.runners: Discarded report from unrecognized worker perf-loadgen_ef05e54fe56048938e4879b951ef611d
[2026-09-06 12:52:11,093] perf-loadgen/INFO/locust.runners: Discarded report from unrecognized worker perf-loadgen_75b8b8794c9c4db09c1f56cbe72cbcbe
[2026-09-06 12:52:11,208] perf-loadgen/INFO/locust.runners: Discarded report from unrecognized worker perf-loadgen_9b044f7331e0476280f33ccf9ca8bb7e
[2026-09-06 12:52:14,070] perf-loadgen/INFO/locust.runners: Discarded report from unrecognized worker perf-loadgen_3e0205ff9498462ab6cf6c848bdf177d
[2026-09-06 12:52:14,073] perf-loadgen/INFO/locust.runners: Discarded report from unrecognized worker perf-loadgen_ef05e54fe56048938e4879b951ef611d
[2026-09-06 12:52:14,094] perf-loadgen/INFO/locust.runners: Discarded report from unrecognized worker perf-loadgen_75b8b8794c9c4db09c1f56cbe72cbcbe
[2026-09-06 12:52:14,209] perf-loadgen/INFO/locust.runners: Discarded report from unrecognized worker perf-loadgen_9b044f7331e0476280f33ccf9ca8bb7e
[2026-09-06 12:52:14,769] perf-loadgen/INFO/locust.main: --autoquit time reached, shutting down
[2026-09-06 12:52:15,837] perf-loadgen/INFO/locust.main: Shutting down (exit code 1)
Type     Name                                                                          # reqs      # fails |    Avg     Min     Max    Med |   req/s  failures/s
--------|----------------------------------------------------------------------------|-------|-------------|-------|-------|-------|-------|--------|-----------
GET      /avatar/{username}                                                            179405     0(0.00%) |      2       0     355      2 |  290.27        0.00
GET      /info                                                                          16345     0(0.00%) |      4       0     209      2 |   26.45        0.00
GET      /labels                                                                        16345     0(0.00%) |     10       2     117      7 |   26.45        0.00
POST     /login                                                                          9802     0(0.00%) |     55       3     275     51 |   15.86        0.00
GET      /projects                                                                      16345     0(0.00%) |     16       4     170     14 |   26.45        0.00
GET      /projects [bot]                                                                62169     0(0.00%) |      9       4     537      7 |  100.59        0.00
POST     /projects [create]                                                              1331     0(0.00%) |     20      12     121     18 |    2.15        0.00
GET      /projects/{id}                                                                 46597     0(0.00%) |      5       2     651      4 |   75.39        0.00
GET      /projects/{id}/tasks [bot]                                                    159702     0(0.00%) |      8       4     638      7 |  258.39        0.00
POST     /projects/{id}/tasks [create]                                                   6614     2(0.03%) |     12       6     198     10 |   10.70        0.00
GET      /projects/{id}/views/{view}/buckets/tasks [kanban]                             13192     0(0.00%) |     11       5     258     10 |   21.34        0.00
PUT      /projects/{id}/views/{view}/buckets/{bucket}/tasks [move]                       1956     0(0.00%) |      8       2     210      8 |    3.16        0.00
GET      /projects/{id}/views/{view}/tasks [gantt]                                       2634     0(0.00%) |     11       3     266      9 |    4.26        0.00
GET      /projects/{id}/views/{view}/tasks [list]                                       49572     0(0.00%) |      9       1     476      8 |   80.20        0.00
GET      /tasks [bot]                                                                   20759     0(0.00%) |     12       6     529     10 |   33.59        0.00
GET      /tasks [home]                                                                  36152     0(0.00%) |     15       5     659     12 |   58.49        0.00
GET      /tasks/{id}                                                                    15833     0(0.00%) |      9       4     552      7 |   25.62        0.00
GET      /tasks/{id} [bot]                                                             451235     0(0.00%) |      7       3    1033      6 |  730.07        0.00
PATCH    /tasks/{id} [patch]                                                             7959     0(0.00%) |     12       3     420      9 |   12.88        0.00
GET      /tasks/{id}/comments                                                           15833     0(0.00%) |      4       1     348      3 |   25.62        0.00
POST     /tasks/{id}/comments [create]                                                   1348     0(0.00%) |      5       2     180      4 |    2.18        0.00
POST     /tasks/{id}/labels [add]                                                        2633     0(0.00%) |      9       4     184      8 |    4.26        0.00
PUT      /tasks/{id}/position                                                            4019     0(0.00%) |      6       2     432      5 |    6.50        0.00
PUT      /tasks/{id}/read                                                               15833     0(0.00%) |      2       0     155      2 |   25.62        0.00
GET      /user                                                                          16345     0(0.00%) |      9       1     142      5 |   26.45        0.00
POST     /user/token/refresh                                                            19457     0(0.00%) |      8       2     462      4 |   31.48        0.00
WS       connect+auth+subscribe                                                         16345     0(0.00%) |      8       1      84      5 |   26.45        0.00
--------|----------------------------------------------------------------------------|-------|-------------|-------|-------|-------|-------|--------|-----------
         Aggregated                                                                   1205760     2(0.00%) |      8       0    1033      6 | 1950.86        0.00

Response time percentiles (approximated)
Type     Name                                                                                  50%    66%    75%    80%    90%    95%    98%    99%  99.9% 99.99%   100% # reqs
--------|--------------------------------------------------------------------------------|--------|------|------|------|------|------|------|------|------|------|------|------
GET      /avatar/{username}                                                                      2      2      3      3      4      5     12     18     51    130    360 179405
GET      /info                                                                                   2      4      5      6     11     17     24     30     49     76    210  16345
GET      /labels                                                                                 7     11     14     16     21     26     34     39     62    100    120  16345
POST     /login                                                                                 51     62     72     78     95    110    130    150    220    280    280   9802
GET      /projects                                                                              14     19     22     24     30     37     46     54     81    120    170  16345
GET      /projects [bot]                                                                         7      8      8      8     10     13     44     67    140    240    540  62169
POST     /projects [create]                                                                     18     19     20     21     24     34     66     82    120    120    120   1331
GET      /projects/{id}                                                                          4      4      5      5      6     12     25     39    100    520    650  46597
GET      /projects/{id}/tasks [bot]                                                              7      7      8      8      9     12     45     66    130    310    640 159702
POST     /projects/{id}/tasks [create]                                                          10     10     11     11     14     27     43     57    110    200    200   6614
GET      /projects/{id}/views/{view}/buckets/tasks [kanban]                                     10     10     11     12     14     21     34     44     98    190    260  13192
PUT      /projects/{id}/views/{view}/buckets/{bucket}/tasks [move]                               8      8      9      9     11     20     38     52    130    210    210   1956
GET      /projects/{id}/views/{view}/tasks [gantt]                                               9     10     11     12     14     21     39     53    130    270    270   2634
GET      /projects/{id}/views/{view}/tasks [list]                                                8      9      9      9     11     19     34     47    110    300    480  49572
GET      /tasks [bot]                                                                           10     11     11     12     13     17     51     76    150    280    530  20759
GET      /tasks [home]                                                                          12     14     18     22     28     35     46     54    110    270    660  36152
GET      /tasks/{id}                                                                             7      8      8      9     11     20     38     53    140    430    550  15833
GET      /tasks/{id} [bot]                                                                       6      6      7      7      8     11     43     66    140    420   1000 451235
PATCH    /tasks/{id} [patch]                                                                     9     10     12     15     18     27     54     77    130    420    420   7959
GET      /tasks/{id}/comments                                                                    3      4      4      4      5      9     19     27     86    150    350  15833
POST     /tasks/{id}/comments [create]                                                           4      4      5      5      7     14     29     42    110    180    180   1348
POST     /tasks/{id}/labels [add]                                                                8      8      9      9     11     19     33     48    110    180    180   2633
PUT      /tasks/{id}/position                                                                    5      5      6      6      7     12     25     37     94    430    430   4019
PUT      /tasks/{id}/read                                                                        2      2      3      3      4      6     13     20     51    140    160  15833
GET      /user                                                                                   5     10     14     16     24     31     42     52     91    140    140  16345
POST     /user/token/refresh                                                                     4      5      7     10     20     30     43     56    350    460    460  19457
WS       connect+auth+subscribe                                                                  5      9     12     14     20     25     32     36     59     82     84  16345
--------|--------------------------------------------------------------------------------|--------|------|------|------|------|------|------|------|------|------|------|------
         Aggregated                                                                              6      7      8      8     11     21     44     64    130    310   1000 1205760

Error report
# occurrences      Error                                                                                               
------------------|---------------------------------------------------------------------------------------------------------------------------------------------
2                  POST /projects/{id}/tasks [create]: LocustBadStatusCode(code=500)                                   
------------------|---------------------------------------------------------------------------------------------------------------------------------------------

