[2026-09-06 10:01:25,701] perf-loadgen/INFO/locust.main: Starting Locust 2.46.4
[2026-09-06 10:01:25,702] perf-loadgen/INFO/locust.main: Starting web interface at http://127.0.0.1:8089, press enter to open your default browser.
[2026-09-06 10:01:25,714] perf-loadgen/INFO/locust.main: Run time limit set to 600 seconds
[2026-09-06 10:01:25,717] perf-loadgen/INFO/locust.runners: Ramping to 3000 users at a rate of 25.00 per second
[2026-09-06 10:03:25,591] perf-loadgen/INFO/locust.runners: All users spawned: {"Glancer": 1286, "IntegrationBot": 429, "Worker": 1285} (3000 total users)
[2026-09-06 10:11:25,497] perf-loadgen/INFO/locust.main: --run-time limit reached, stopping test
[2026-09-06 10:11:49,919] perf-loadgen/INFO/locust.main: --autoquit time reached, shutting down
[2026-09-06 10:11:49,980] perf-loadgen/INFO/locust.main: Shutting down (exit code 1)
Type     Name                                                                          # reqs      # fails |    Avg     Min     Max    Med |   req/s  failures/s
--------|----------------------------------------------------------------------------|-------|-------------|-------|-------|-------|-------|--------|-----------
GET      /avatar/{username}                                                             53638     0(0.00%) |      3       1     429      3 |   86.62        0.00
GET      /info                                                                           4940     0(0.00%) |      8       0      62      4 |    7.98        0.00
GET      /labels                                                                         4940     0(0.00%) |     10       3     132      8 |    7.98        0.00
POST     /login                                                                          2933     0(0.00%) |     37       5     124     38 |    4.74        0.00
GET      /projects                                                                       4940     0(0.00%) |     19       5      68     17 |    7.98        0.00
GET      /projects [bot]                                                                18884     0(0.00%) |     11       6     220     11 |   30.50        0.00
POST     /projects [create]                                                               394     0(0.00%) |     29      18     120     28 |    0.64        0.00
GET      /projects/{id}                                                                 13892     0(0.00%) |      6       2     215      5 |   22.44        0.00
GET      /projects/{id}/tasks [bot]                                                     48362     0(0.00%) |     11       6     225     11 |   78.10        0.00
POST     /projects/{id}/tasks [create]                                                   2133     0(0.00%) |     17      10     221     16 |    3.44        0.00
GET      /projects/{id}/views/{view}/buckets/tasks [kanban]                              3956     0(0.00%) |     16       8      86     16 |    6.39        0.00
PUT      /projects/{id}/views/{view}/buckets/{bucket}/tasks [move]                        612     0(0.00%) |     13       4      56     14 |    0.99        0.00
GET      /projects/{id}/views/{view}/tasks [gantt]                                        735     0(0.00%) |     15       4      64     15 |    1.19        0.00
GET      /projects/{id}/views/{view}/tasks [list]                                       14874     0(0.00%) |     13       2     223     13 |   24.02        0.00
GET      /tasks [bot]                                                                    6206     0(0.00%) |     16       9     234     16 |   10.02        0.00
GET      /tasks [home]                                                                  10921     0(0.00%) |     18       8     441     16 |   17.64        0.00
GET      /tasks/{id}                                                                     4782     0(0.00%) |     13       7      86     12 |    7.72        0.00
GET      /tasks/{id} [bot]                                                             135358     0(0.00%) |     10       5    1030     10 |  218.60        0.00
PATCH    /tasks/{id} [patch]                                                             2401     0(0.00%) |     17       5      98     16 |    3.88        0.00
GET      /tasks/{id}/comments                                                            4782     0(0.00%) |      5       2     264      5 |    7.72        0.00
POST     /tasks/{id}/comments [create]                                                    372     0(0.00%) |      7       3      65      6 |    0.60        0.00
POST     /tasks/{id}/labels [add]                                                         796     0(0.00%) |     15       5     218     14 |    1.29        0.00
PUT      /tasks/{id}/position                                                            1261     0(0.00%) |      9       5      52      9 |    2.04        0.00
PUT      /tasks/{id}/read                                                                4782     0(0.00%) |      3       1     137      3 |    7.72        0.00
GET      /user                                                                           4940     0(0.00%) |      8       1      61      5 |    7.98        0.00
POST     /user/token/refresh                                                             5887     1(0.02%) |     10       3     198      7 |    9.51        0.00
WS       connect+auth+subscribe                                                          4940     0(0.00%) |     11       1      65      6 |    7.98        0.00
--------|----------------------------------------------------------------------------|-------|-------------|-------|-------|-------|-------|--------|-----------
         Aggregated                                                                    362661     1(0.00%) |     10       0    1030     10 |  585.69        0.00

Response time percentiles (approximated)
Type     Name                                                                                  50%    66%    75%    80%    90%    95%    98%    99%  99.9% 99.99%   100% # reqs
--------|--------------------------------------------------------------------------------|--------|------|------|------|------|------|------|------|------|------|------|------
GET      /avatar/{username}                                                                      3      3      3      4      4      6      9     13     30     48    430  53638
GET      /info                                                                                   4     12     14     16     20     24     30     34     48     63     63   4940
GET      /labels                                                                                 8     11     14     15     18     21     26     30     43    130    130   4940
POST     /login                                                                                 38     42     45     47     53     60     72     90    120    120    120   2933
GET      /projects                                                                              17     24     27     29     34     39     44     48     61     69     69   4940
GET      /projects [bot]                                                                        11     12     13     13     15     17     24     35     74    160    220  18884
POST     /projects [create]                                                                     28     30     31     33     37     44     64     73    120    120    120    394
GET      /projects/{id}                                                                          5      6      6      7      8     11     18     22     44     61    220  13892
GET      /projects/{id}/tasks [bot]                                                             11     12     12     13     15     17     23     32     62    210    230  48362
POST     /projects/{id}/tasks [create]                                                          16     18     19     19     22     25     31     40     69    220    220   2133
GET      /projects/{id}/views/{view}/buckets/tasks [kanban]                                     16     17     18     19     21     24     29     32     50     86     86   3956
PUT      /projects/{id}/views/{view}/buckets/{bucket}/tasks [move]                              14     15     17     17     20     23     28     37     57     57     57    612
GET      /projects/{id}/views/{view}/tasks [gantt]                                              15     17     18     18     21     23     28     31     65     65     65    735
GET      /projects/{id}/views/{view}/tasks [list]                                               13     14     14     15     17     20     26     31     59    220    220  14874
GET      /tasks [bot]                                                                           16     17     18     19     21     23     30     39     90    230    230   6206
GET      /tasks [home]                                                                          16     19     21     23     26     30     35     42     65    220    440  10921
GET      /tasks/{id}                                                                            12     13     14     15     18     21     28     38     74     87     87   4782
GET      /tasks/{id} [bot]                                                                      10     10     11     12     13     15     22     31     67    220   1000 135358
PATCH    /tasks/{id} [patch]                                                                    16     18     20     22     29     33     38     43     63     99     99   2401
GET      /tasks/{id}/comments                                                                    5      5      6      6      7     10     16     20     45    260    260   4782
POST     /tasks/{id}/comments [create]                                                           6      7      8      8      9     12     17     33     66     66     66    372
POST     /tasks/{id}/labels [add]                                                               14     15     16     17     19     22     29     45    220    220    220    796
PUT      /tasks/{id}/position                                                                    9      9     10     11     12     15     20     25     45     52     52   1261
PUT      /tasks/{id}/read                                                                        3      3      3      4      5      6     10     13     32    140    140   4782
GET      /user                                                                                   5     11     13     14     17     20     25     31     48     62     62   4940
POST     /user/token/refresh                                                                     7     10     12     14     20     25     32     37    190    200    200   5887
WS       connect+auth+subscribe                                                                  6     15     19     21     26     30     38     44     60     66     66   4940
--------|--------------------------------------------------------------------------------|--------|------|------|------|------|------|------|------|------|------|------|------
         Aggregated                                                                             10     11     12     13     16     21     31     39     66    210   1000 362661

Error report
# occurrences      Error                                                                                               
------------------|---------------------------------------------------------------------------------------------------------------------------------------------
1                  POST /user/token/refresh: LocustBadStatusCode(code=401)                                             
------------------|---------------------------------------------------------------------------------------------------------------------------------------------

