[2026-09-05 22:03:08,218] perf-loadgen/INFO/locust.main: Starting Locust 2.46.4
[2026-09-05 22:03:08,218] perf-loadgen/INFO/locust.main: Starting web interface at http://127.0.0.1:8089, press enter to open your default browser.
[2026-09-05 22:03:08,230] perf-loadgen/INFO/locust.main: Run time limit set to 600 seconds
[2026-09-05 22:03:08,233] perf-loadgen/INFO/locust.runners: Ramping to 3000 users at a rate of 25.00 per second
[2026-09-05 22:05:08,418] perf-loadgen/INFO/locust.runners: All users spawned: {"Glancer": 1286, "IntegrationBot": 429, "Worker": 1285} (3000 total users)
[2026-09-05 22:13:08,004] perf-loadgen/INFO/locust.main: --run-time limit reached, stopping test
[2026-09-05 22:13:31,597] perf-loadgen/INFO/locust.main: --autoquit time reached, shutting down
[2026-09-05 22:13:31,651] perf-loadgen/INFO/locust.main: Shutting down (exit code 1)
Type     Name                                                                          # reqs      # fails |    Avg     Min     Max    Med |   req/s  failures/s
--------|----------------------------------------------------------------------------|-------|-------------|-------|-------|-------|-------|--------|-----------
GET      /avatar/{username}                                                             54331     0(0.00%) |     15       1     484      9 |   87.86        0.00
GET      /info                                                                           4882     0(0.00%) |      6       0      38      4 |    7.90        0.00
GET      /labels                                                                         4882     0(0.00%) |     30       6     411     25 |    7.90        0.00
POST     /login                                                                          2914     0(0.00%) |     58       7     814     50 |    4.71        0.00
GET      /projects                                                                       4882     0(0.00%) |     47      11     366     43 |    7.90        0.00
GET      /projects [bot]                                                                17503     0(0.00%) |     88      17     907     73 |   28.31        0.00
POST     /projects [create]                                                               410     0(0.00%) |    138      40     402    140 |    0.66        0.00
GET      /projects/{id}                                                                 14083     0(0.00%) |     31       6     493     27 |   22.77        0.00
GET      /projects/{id}/tasks [bot]                                                     44496     0(0.00%) |     91      18     958     77 |   71.96        0.00
POST     /projects/{id}/tasks [create]                                                   2003     1(0.05%) |     85      21     487     84 |    3.24        0.00
GET      /projects/{id}/views/{view}/buckets/tasks [kanban]                              4059     0(0.00%) |     74      19     492     72 |    6.56        0.00
PUT      /projects/{id}/views/{view}/buckets/{bucket}/tasks [move]                        629     0(0.00%) |     62       7     217     64 |    1.02        0.00
GET      /projects/{id}/views/{view}/tasks [gantt]                                        809     0(0.00%) |     54       7     383     50 |    1.31        0.00
GET      /projects/{id}/views/{view}/tasks [list]                                       14703     0(0.00%) |     61      10     381     58 |   23.78        0.00
GET      /tasks [bot]                                                                    5833     0(0.00%) |    103      23     729     90 |    9.43        0.00
GET      /tasks [home]                                                                  10923     0(0.00%) |     65      16     391     61 |   17.66        0.00
GET      /tasks/{id}                                                                     4813     0(0.00%) |     68      15     388     66 |    7.78        0.00
GET      /tasks/{id} [bot]                                                             126577     0(0.00%) |     94      18    1010     80 |  204.70        0.00
PATCH    /tasks/{id} [patch]                                                             2322     0(0.00%) |     93      12     644     84 |    3.76        0.00
GET      /tasks/{id}/comments                                                            4813     0(0.00%) |     30       5     454     25 |    7.78        0.00
POST     /tasks/{id}/comments [create]                                                    382     0(0.00%) |     30       6     312     25 |    0.62        0.00
POST     /tasks/{id}/labels [add]                                                         771     0(0.00%) |     56      10     318     52 |    1.25        0.00
PUT      /tasks/{id}/position                                                            1212     0(0.00%) |     46      10     340     42 |    1.96        0.00
PUT      /tasks/{id}/read                                                                4813     0(0.00%) |     15       1     445      9 |    7.78        0.00
GET      /user                                                                           4882     0(0.00%) |     17       1     288     12 |    7.90        0.00
POST     /user/token/refresh                                                             5837     0(0.00%) |     28       5     526     23 |    9.44        0.00
WS       connect+auth+subscribe                                                          4882     0(0.00%) |      6       1      70      5 |    7.90        0.00
--------|----------------------------------------------------------------------------|-------|-------------|-------|-------|-------|-------|--------|-----------
         Aggregated                                                                    348646     1(0.00%) |     67       0    1010     57 |  563.82        0.00

Response time percentiles (approximated)
Type     Name                                                                                  50%    66%    75%    80%    90%    95%    98%    99%  99.9% 99.99%   100% # reqs
--------|--------------------------------------------------------------------------------|--------|------|------|------|------|------|------|------|------|------|------|------
GET      /avatar/{username}                                                                      9     13     17     20     33     49     78    100    220    380    480  54331
GET      /info                                                                                   4      7     10     12     17     22     26     28     36     38     38   4882
GET      /labels                                                                                25     30     35     39     53     70    110    130    290    410    410   4882
POST     /login                                                                                 50     58     64     68     84    110    180    290    650    810    810   2914
GET      /projects                                                                              43     50     55     60     73     89    120    140    310    370    370   4882
GET      /projects [bot]                                                                        73     91    110    120    150    200    270    330    550    780    910  17503
POST     /projects [create]                                                                    140    160    170    170    190    200    210    230    400    400    400    410
GET      /projects/{id}                                                                         27     33     38     41     54     69     95    120    220    340    490  14083
GET      /projects/{id}/tasks [bot]                                                             77     95    110    120    160    210    270    330    560    760    960  44496
POST     /projects/{id}/tasks [create]                                                          84     95    100    110    120    140    160    190    270    490    490   2003
GET      /projects/{id}/views/{view}/buckets/tasks [kanban]                                     72     81     88     92    110    120    150    170    300    490    490   4059
PUT      /projects/{id}/views/{view}/buckets/{bucket}/tasks [move]                              64     78     86     91    100    120    130    140    220    220    220    629
GET      /projects/{id}/views/{view}/tasks [gantt]                                              50     58     64     67     80     99    140    180    380    380    380    809
GET      /projects/{id}/views/{view}/tasks [list]                                               58     67     73     78     91    110    130    160    280    380    380  14703
GET      /tasks [bot]                                                                           90    110    120    130    170    220    280    350    540    730    730   5833
GET      /tasks [home]                                                                          61     71     77     82     97    110    140    170    300    370    390  10923
GET      /tasks/{id}                                                                            66     76     82     87    100    120    140    170    280    390    390   4813
GET      /tasks/{id} [bot]                                                                      80     98    110    120    160    210    280    340    580    820   1000 126577
PATCH    /tasks/{id} [patch]                                                                    84    100    120    130    170    190    230    260    450    640    640   2322
GET      /tasks/{id}/comments                                                                   25     31     36     40     52     68     94    120    340    450    450   4813
POST     /tasks/{id}/comments [create]                                                          25     31     36     39     52     66     88    100    310    310    310    382
POST     /tasks/{id}/labels [add]                                                               52     61     67     72     87    110    130    150    320    320    320    771
PUT      /tasks/{id}/position                                                                   42     49     55     59     73     89    130    150    220    340    340   1212
PUT      /tasks/{id}/read                                                                        9     13     17     21     33     50     82    110    280    450    450   4813
GET      /user                                                                                  12     16     19     22     32     46     74    100    210    290    290   4882
POST     /user/token/refresh                                                                    23     28     32     35     47     64    100    150    300    530    530   5837
WS       connect+auth+subscribe                                                                  5      6      7      8     13     18     24     28     45     70     70   4882
--------|--------------------------------------------------------------------------------|--------|------|------|------|------|------|------|------|------|------|------|------
         Aggregated                                                                             57     76     90     99    130    170    240    290    510    750   1000 348646

Error report
# occurrences      Error                                                                                               
------------------|---------------------------------------------------------------------------------------------------------------------------------------------
1                  POST /projects/{id}/tasks [create]: LocustBadStatusCode(code=500)                                   
------------------|---------------------------------------------------------------------------------------------------------------------------------------------

Traceback (most recent call last):
  File "src/gevent/greenlet.py", line 912, in gevent._gevent_cgreenlet.Greenlet.run
  File "/opt/venv/lib/python3.13/site-packages/locust/stats.py", line 1177, in stats_writer
    self.requests_csv_filehandle.seek(requests_csv_data_start)
    ~~~~~~~~~~~~~~~~~~~~~~~~~~~~~~~~~^^^^^^^^^^^^^^^^^^^^^^^^^
ValueError: I/O operation on closed file.
2026-09-05T22:13:31Z <Greenlet at 0x7fd847dcd260: <bound method StatsCSVFileWriter.stats_writer of <locust.stats.StatsCSVFileWriter object at 0x7fd847f912b0>>> failed with ValueError

[2026-09-05 22:13:31,658] perf-loadgen/CRITICAL/locust.main: Unhandled exception in greenlet: <Greenlet at 0x7fd847dcd260: <bound method StatsCSVFileWriter.stats_writer of <locust.stats.StatsCSVFileWriter object at 0x7fd847f912b0>>>
Traceback (most recent call last):
  File "src/gevent/greenlet.py", line 912, in gevent._gevent_cgreenlet.Greenlet.run
  File "/opt/venv/lib/python3.13/site-packages/locust/stats.py", line 1177, in stats_writer
    self.requests_csv_filehandle.seek(requests_csv_data_start)
    ^^^^^^^
ValueError: I/O operation on closed file.
