[2026-09-06 09:22:06,528] perf-loadgen/INFO/locust.main: Starting Locust 2.46.4
[2026-09-06 09:22:06,528] perf-loadgen/INFO/locust.main: Starting web interface at http://127.0.0.1:8089, press enter to open your default browser.
[2026-09-06 09:22:06,542] perf-loadgen/INFO/locust.main: Run time limit set to 600 seconds
[2026-09-06 09:22:06,545] perf-loadgen/INFO/locust.runners: Ramping to 3000 users at a rate of 25.00 per second
[2026-09-06 09:24:06,393] perf-loadgen/INFO/locust.runners: All users spawned: {"Glancer": 1286, "IntegrationBot": 429, "Worker": 1285} (3000 total users)
[2026-09-06 09:32:06,309] perf-loadgen/INFO/locust.main: --run-time limit reached, stopping test
[2026-09-06 09:32:29,509] perf-loadgen/INFO/locust.main: --autoquit time reached, shutting down
[2026-09-06 09:32:29,585] perf-loadgen/INFO/locust.main: Shutting down (exit code 0)
Type     Name                                                                          # reqs      # fails |    Avg     Min     Max    Med |   req/s  failures/s
--------|----------------------------------------------------------------------------|-------|-------------|-------|-------|-------|-------|--------|-----------
GET      /avatar/{username}                                                             53211     0(0.00%) |      3       1     224      3 |   86.11        0.00
GET      /info                                                                           4934     0(0.00%) |      7       0      52      4 |    7.98        0.00
GET      /labels                                                                         4934     0(0.00%) |     10       3      43      8 |    7.98        0.00
POST     /login                                                                          2935     0(0.00%) |     35       5     171     35 |    4.75        0.00
GET      /projects                                                                       4934     0(0.00%) |     18       5      87     17 |    7.98        0.00
GET      /projects [bot]                                                                18750     0(0.00%) |     13       8     218     13 |   30.34        0.00
POST     /projects [create]                                                               402     0(0.00%) |     27      19      75     26 |    0.65        0.00
GET      /projects/{id}                                                                 13815     0(0.00%) |      6       2      72      5 |   22.36        0.00
GET      /projects/{id}/tasks [bot]                                                     47868     0(0.00%) |     13       7     225     13 |   77.46        0.00
POST     /projects/{id}/tasks [create]                                                   1971     0(0.00%) |     17      11    1030     16 |    3.19        0.00
GET      /projects/{id}/views/{view}/buckets/tasks [kanban]                              4042     0(0.00%) |     16       8     214     15 |    6.54        0.00
PUT      /projects/{id}/views/{view}/buckets/{bucket}/tasks [move]                        611     0(0.00%) |     13       3      86     14 |    0.99        0.00
GET      /projects/{id}/views/{view}/tasks [gantt]                                        851     0(0.00%) |     14       5      72     14 |    1.38        0.00
GET      /projects/{id}/views/{view}/tasks [list]                                       14423     0(0.00%) |     12       2     253     12 |   23.34        0.00
GET      /tasks [bot]                                                                    6260     0(0.00%) |     18      11     146     17 |   10.13        0.00
GET      /tasks [home]                                                                  10817     0(0.00%) |     17       8     291     15 |   17.50        0.00
GET      /tasks/{id}                                                                     4701     0(0.00%) |     13       7     222     12 |    7.61        0.00
GET      /tasks/{id} [bot]                                                             135259     0(0.00%) |     12       7     309     12 |  218.88        0.00
PATCH    /tasks/{id} [patch]                                                             2416     0(0.00%) |     17       5     116     16 |    3.91        0.00
GET      /tasks/{id}/comments                                                            4701     0(0.00%) |      5       2     546      4 |    7.61        0.00
POST     /tasks/{id}/comments [create]                                                    397     0(0.00%) |      6       3      34      6 |    0.64        0.00
POST     /tasks/{id}/labels [add]                                                         813     0(0.00%) |     13       6      46     13 |    1.32        0.00
PUT      /tasks/{id}/position                                                            1212     0(0.00%) |      9       5      78      8 |    1.96        0.00
PUT      /tasks/{id}/read                                                                4701     0(0.00%) |      3       1      59      3 |    7.61        0.00
GET      /user                                                                           4934     0(0.00%) |      8       1      48      5 |    7.98        0.00
POST     /user/token/refresh                                                             5871     0(0.00%) |     10       3     283      7 |    9.50        0.00
WS       connect+auth+subscribe                                                          4934     0(0.00%) |     12       1      87      6 |    7.98        0.00
--------|----------------------------------------------------------------------------|-------|-------------|-------|-------|-------|-------|--------|-----------
         Aggregated                                                                    360697     0(0.00%) |     11       0    1030     11 |  583.69        0.00

Response time percentiles (approximated)
Type     Name                                                                                  50%    66%    75%    80%    90%    95%    98%    99%  99.9% 99.99%   100% # reqs
--------|--------------------------------------------------------------------------------|--------|------|------|------|------|------|------|------|------|------|------|------
GET      /avatar/{username}                                                                      3      3      3      3      4      6      9     14     28     63    220  53211
GET      /info                                                                                   4     11     14     15     19     22     25     28     43     52     52   4934
GET      /labels                                                                                 8     12     14     15     18     21     25     28     37     44     44   4934
POST     /login                                                                                 35     39     42     45     51     58     68     90    160    170    170   2935
GET      /projects                                                                              17     23     26     28     33     36     42     46     69     87     87   4934
GET      /projects [bot]                                                                        13     14     14     15     17     19     26     35     73    190    220  18750
POST     /projects [create]                                                                     26     28     30     31     36     41     46     50     75     75     75    402
GET      /projects/{id}                                                                          5      6      6      7      8     12     19     23     39     63     72  13815
GET      /projects/{id}/tasks [bot]                                                             13     14     14     15     17     19     26     36     74    160    230  47868
POST     /projects/{id}/tasks [create]                                                          16     17     18     19     21     26     33     43     76   1000   1000   1971
GET      /projects/{id}/views/{view}/buckets/tasks [kanban]                                     15     16     17     18     21     24     32     37     67    210    210   4042
PUT      /projects/{id}/views/{view}/buckets/{bucket}/tasks [move]                              14     15     16     16     19     22     27     39     86     86     86    611
GET      /projects/{id}/views/{view}/tasks [gantt]                                              14     15     16     17     19     22     30     36     73     73     73    851
GET      /projects/{id}/views/{view}/tasks [list]                                               12     13     14     14     16     19     26     32     55    210    250  14423
GET      /tasks [bot]                                                                           17     18     19     20     22     25     33     43     70    150    150   6260
GET      /tasks [home]                                                                          15     19     21     23     28     32     39     45     81    220    290  10817
GET      /tasks/{id}                                                                            12     13     14     14     16     20     28     38     67    220    220   4701
GET      /tasks/{id} [bot]                                                                      12     12     13     14     15     18     26     36     74    220    310 135259
PATCH    /tasks/{id} [patch]                                                                    16     18     19     22     28     32     40     51     89    120    120   2416
GET      /tasks/{id}/comments                                                                    4      5      5      6      7      9     14     19     38    550    550   4701
POST     /tasks/{id}/comments [create]                                                           6      7      7      7      9     12     21     27     35     35     35    397
POST     /tasks/{id}/labels [add]                                                               13     14     15     16     18     21     29     34     47     47     47    813
PUT      /tasks/{id}/position                                                                    8      9     10     10     12     15     23     28     50     78     78   1212
PUT      /tasks/{id}/read                                                                        3      3      3      3      4      6      9     13     30     60     60   4701
GET      /user                                                                                   5     11     13     14     17     20     24     27     36     49     49   4934
POST     /user/token/refresh                                                                     7     10     12     14     20     24     31     37    260    280    280   5871
WS       connect+auth+subscribe                                                                  6     16     20     22     28     33     39     44     84     87     87   4934
--------|--------------------------------------------------------------------------------|--------|------|------|------|------|------|------|------|------|------|------|------
         Aggregated                                                                             11     13     14     14     17     22     31     39     72    220   1000 360697

