[2026-09-06 08:05:20,316] perf-loadgen/INFO/locust.main: Starting Locust 2.46.4
[2026-09-06 08:05:20,317] perf-loadgen/INFO/locust.main: Starting web interface at http://127.0.0.1:8089, press enter to open your default browser.
[2026-09-06 08:05:20,329] perf-loadgen/INFO/locust.main: Run time limit set to 600 seconds
[2026-09-06 08:05:20,332] perf-loadgen/INFO/locust.runners: Ramping to 3000 users at a rate of 25.00 per second
[2026-09-06 08:07:20,219] perf-loadgen/INFO/locust.runners: All users spawned: {"Glancer": 1286, "IntegrationBot": 429, "Worker": 1285} (3000 total users)
[2026-09-06 08:15:20,112] perf-loadgen/INFO/locust.main: --run-time limit reached, stopping test
[2026-09-06 08:15:44,535] perf-loadgen/INFO/locust.main: --autoquit time reached, shutting down
[2026-09-06 08:15:44,610] perf-loadgen/INFO/locust.main: Shutting down (exit code 1)
Type     Name                                                                          # reqs      # fails |    Avg     Min     Max    Med |   req/s  failures/s
--------|----------------------------------------------------------------------------|-------|-------------|-------|-------|-------|-------|--------|-----------
GET      /avatar/{username}                                                             54391     0(0.00%) |      3       1     136      3 |   88.18        0.00
GET      /info                                                                           4918     0(0.00%) |      8       0      66      4 |    7.97        0.00
GET      /labels                                                                         4918     0(0.00%) |      9       2      44      8 |    7.97        0.00
POST     /login                                                                          2953     0(0.00%) |     35       4     124     36 |    4.79        0.00
GET      /projects                                                                       4918     0(0.00%) |     19       5      81     17 |    7.97        0.00
GET      /projects [bot]                                                                18844     0(0.00%) |     13       8     212     13 |   30.55        0.00
POST     /projects [create]                                                               355     0(0.00%) |     27      19      73     26 |    0.58        0.00
GET      /projects/{id}                                                                 14077     0(0.00%) |      6       3     210      6 |   22.82        0.00
GET      /projects/{id}/tasks [bot]                                                     47921     0(0.00%) |     14       8    1041     13 |   77.69        0.00
POST     /projects/{id}/tasks [create]                                                   1935     2(0.10%) |     17      10      80     16 |    3.14        0.00
GET      /projects/{id}/views/{view}/buckets/tasks [kanban]                              3967     0(0.00%) |     16       7     313     15 |    6.43        0.00
PUT      /projects/{id}/views/{view}/buckets/{bucket}/tasks [move]                        572     0(0.00%) |     13       4      75     13 |    0.93        0.00
GET      /projects/{id}/views/{view}/tasks [gantt]                                        807     0(0.00%) |     15       5     123     14 |    1.31        0.00
GET      /projects/{id}/views/{view}/tasks [list]                                       14938     0(0.00%) |     12       2     333     12 |   24.22        0.00
GET      /tasks [bot]                                                                    6317     0(0.00%) |     18      11     208     17 |   10.24        0.00
GET      /tasks [home]                                                                  10998     0(0.00%) |     17       8     216     15 |   17.83        0.00
GET      /tasks/{id}                                                                     4933     0(0.00%) |     13       8      81     12 |    8.00        0.00
GET      /tasks/{id} [bot]                                                             135064     0(0.00%) |     12       7     227     12 |  218.98        0.00
PATCH    /tasks/{id} [patch]                                                             2307     0(0.00%) |     17       6     203     16 |    3.74        0.00
GET      /tasks/{id}/comments                                                            4933     0(0.00%) |      5       2      53      4 |    8.00        0.00
POST     /tasks/{id}/comments [create]                                                    382     0(0.00%) |      6       4      38      6 |    0.62        0.00
POST     /tasks/{id}/labels [add]                                                         770     0(0.00%) |     14       6      86     13 |    1.25        0.00
PUT      /tasks/{id}/position                                                            1147     0(0.00%) |      9       5      55      9 |    1.86        0.00
PUT      /tasks/{id}/read                                                                4933     0(0.00%) |      3       1      47      3 |    8.00        0.00
GET      /user                                                                           4918     0(0.00%) |      8       1      41      5 |    7.97        0.00
POST     /user/token/refresh                                                             5838     0(0.00%) |     10       3     226      7 |    9.46        0.00
WS       connect+auth+subscribe                                                          4918     0(0.00%) |     10       1      68      6 |    7.97        0.00
--------|----------------------------------------------------------------------------|-------|-------------|-------|-------|-------|-------|--------|-----------
         Aggregated                                                                    362972     2(0.00%) |     11       0    1041     12 |  588.48        0.00

Response time percentiles (approximated)
Type     Name                                                                                  50%    66%    75%    80%    90%    95%    98%    99%  99.9% 99.99%   100% # reqs
--------|--------------------------------------------------------------------------------|--------|------|------|------|------|------|------|------|------|------|------|------
GET      /avatar/{username}                                                                      3      3      3      3      4      5      8     12     24     36    140  54391
GET      /info                                                                                   4     11     14     16     20     24     30     34     46     67     67   4918
GET      /labels                                                                                 8     11     13     14     17     20     24     26     35     44     44   4918
POST     /login                                                                                 36     40     43     45     51     57     65     75    120    120    120   2953
GET      /projects                                                                              17     24     27     30     35     39     45     48     64     81     81   4918
GET      /projects [bot]                                                                        13     14     15     15     17     19     28     39     74    200    210  18844
POST     /projects [create]                                                                     26     28     29     30     35     39     46     60     74     74     74    355
GET      /projects/{id}                                                                          6      6      7      7      9     12     18     22     45    160    210  14077
GET      /projects/{id}/tasks [bot]                                                             13     14     15     15     17     20     27     40     74    220   1000  47921
POST     /projects/{id}/tasks [create]                                                          16     17     18     19     22     26     35     43     63     81     81   1935
GET      /projects/{id}/views/{view}/buckets/tasks [kanban]                                     15     16     17     18     21     24     31     39     62    310    310   3967
PUT      /projects/{id}/views/{view}/buckets/{bucket}/tasks [move]                              13     15     16     17     19     23     35     45     75     75     75    572
GET      /projects/{id}/views/{view}/tasks [gantt]                                              14     16     17     18     20     23     31     35    120    120    120    807
GET      /projects/{id}/views/{view}/tasks [list]                                               12     13     14     14     17     20     26     31     56    220    330  14938
GET      /tasks [bot]                                                                           17     19     20     20     23     26     34     48     88    210    210   6317
GET      /tasks [home]                                                                          15     18     21     22     27     32     41     47     72    130    220  10998
GET      /tasks/{id}                                                                            12     13     14     14     17     20     27     38     56     81     81   4933
GET      /tasks/{id} [bot]                                                                      12     13     13     14     16     18     26     37     75    150    230 135064
PATCH    /tasks/{id} [patch]                                                                    16     18     20     22     29     33     39     45     68    200    200   2307
GET      /tasks/{id}/comments                                                                    4      5      5      6      7      9     14     18     37     53     53   4933
POST     /tasks/{id}/comments [create]                                                           6      7      7      8      9     11     15     21     39     39     39    382
POST     /tasks/{id}/labels [add]                                                               13     15     16     16     19     24     29     38     87     87     87    770
PUT      /tasks/{id}/position                                                                    9     10     10     11     12     16     23     26     50     55     55   1147
PUT      /tasks/{id}/read                                                                        3      3      3      3      4      5      9     12     21     47     47   4933
GET      /user                                                                                   5     11     13     14     17     20     24     27     36     42     42   4918
POST     /user/token/refresh                                                                     7     10     13     15     21     27     33     38    210    230    230   5838
WS       connect+auth+subscribe                                                                  6     14     17     19     24     28     34     42     65     68     68   4918
--------|--------------------------------------------------------------------------------|--------|------|------|------|------|------|------|------|------|------|------|------
         Aggregated                                                                             12     13     14     15     17     22     32     40     70    210   1000 362972

Error report
# occurrences      Error                                                                                               
------------------|---------------------------------------------------------------------------------------------------------------------------------------------
2                  POST /projects/{id}/tasks [create]: LocustBadStatusCode(code=500)                                   
------------------|---------------------------------------------------------------------------------------------------------------------------------------------

