[2026-08-29 12:58:51,527] perf-loadgen/INFO/locust.main: Starting Locust 2.46.4
[2026-08-29 12:58:51,528] perf-loadgen/INFO/locust.main: Starting web interface at http://127.0.0.1:8089, press enter to open your default browser.
[2026-08-29 12:58:51,541] perf-loadgen/INFO/locust.main: Run time limit set to 60 seconds
[2026-08-29 12:58:51,545] perf-loadgen/INFO/locust.runners: Ramping to 20 users at a rate of 10.00 per second
[2026-08-29 12:58:52,549] perf-loadgen/INFO/locust.runners: All users spawned: {"Glancer": 9, "IntegrationBot": 3, "Worker": 8} (20 total users)
[2026-08-29 12:59:51,297] perf-loadgen/INFO/locust.main: --run-time limit reached, stopping test
[2026-08-29 12:59:56,328] perf-loadgen/INFO/locust.main: --autoquit time reached, shutting down
[2026-08-29 12:59:56,426] perf-loadgen/INFO/locust.main: Shutting down (exit code 0)
Type     Name                                                                          # reqs      # fails |    Avg     Min     Max    Med |   req/s  failures/s
--------|----------------------------------------------------------------------------|-------|-------------|-------|-------|-------|-------|--------|-----------
GET      /avatar/{username}                                                                54     0(0.00%) |      2       1       4      2 |    0.91        0.00
GET      /info                                                                             17     0(0.00%) |      2       0       6      1 |    0.29        0.00
GET      /labels                                                                           17     0(0.00%) |     38      18      56     41 |    0.29        0.00
POST     /login                                                                            29     0(0.00%) |    275     122     369    310 |    0.49        0.00
GET      /projects                                                                         17     0(0.00%) |     71      27     124     50 |    0.29        0.00
GET      /projects [bot]                                                                   11     0(0.00%) |     18      16      20     18 |    0.19        0.00
POST     /projects [create]                                                                 1     0(0.00%) |     49      49      49     49 |    0.02        0.00
GET      /projects/{id}                                                                    16     0(0.00%) |     11       6      27     11 |    0.27        0.00
GET      /projects/{id}/tasks [bot]                                                        41     0(0.00%) |     19      13      37     19 |    0.69        0.00
POST     /projects/{id}/tasks [create]                                                      3     0(0.00%) |     28      22      38     25 |    0.05        0.00
GET      /projects/{id}/views/{view}/buckets/tasks [kanban]                                 7     0(0.00%) |     22      18      29     22 |    0.12        0.00
PUT      /projects/{id}/views/{view}/buckets/{bucket}/tasks [move]                          1     0(0.00%) |      9       9       9      9 |    0.02        0.00
GET      /projects/{id}/views/{view}/tasks [list]                                          16     0(0.00%) |     22      14      30     23 |    0.27        0.00
GET      /tasks [bot]                                                                       5     0(0.00%) |     55      24     163     30 |    0.08        0.00
GET      /tasks [home]                                                                     20     0(0.00%) |     26      15      44     24 |    0.34        0.00
GET      /tasks/{id}                                                                        4     0(0.00%) |     23      15      29     23 |    0.07        0.00
GET      /tasks/{id} [bot]                                                                109     0(0.00%) |     20      11     118     17 |    1.84        0.00
PATCH    /tasks/{id} [patch]                                                                2     0(0.00%) |     25      23      26     24 |    0.03        0.00
GET      /tasks/{id}/comments                                                               4     0(0.00%) |      7       7       8      8 |    0.07        0.00
POST     /tasks/{id}/labels [add]                                                           2     0(0.00%) |     23      21      25     21 |    0.03        0.00
PUT      /tasks/{id}/position                                                               1     0(0.00%) |      8       8       8      8 |    0.02        0.00
PUT      /tasks/{id}/read                                                                   4     0(0.00%) |      1       1       2      2 |    0.07        0.00
GET      /user                                                                             17     0(0.00%) |     15       2      53      7 |    0.29        0.00
WS       connect+auth+subscribe                                                            17     0(0.00%) |      4       2       8      4 |    0.29        0.00
--------|----------------------------------------------------------------------------|-------|-------------|-------|-------|-------|-------|--------|-----------
         Aggregated                                                                       415     0(0.00%) |     37       0     369     18 |    7.00        0.00

Response time percentiles (approximated)
Type     Name                                                                                  50%    66%    75%    80%    90%    95%    98%    99%  99.9% 99.99%   100% # reqs
--------|--------------------------------------------------------------------------------|--------|------|------|------|------|------|------|------|------|------|------|------
GET      /avatar/{username}                                                                      2      2      2      3      3      3      3      5      5      5      5     54
GET      /info                                                                                   1      3      4      4      5      7      7      7      7      7      7     17
GET      /labels                                                                                41     45     47     49     51     57     57     57     57     57     57     17
POST     /login                                                                                310    330    340    360    360    370    370    370    370    370    370     29
GET      /projects                                                                              50    110    110    120    120    120    120    120    120    120    120     17
GET      /projects [bot]                                                                        18     18     19     19     20     20     20     20     20     20     20     11
POST     /projects [create]                                                                     50     50     50     50     50     50     50     50     50     50     50      1
GET      /projects/{id}                                                                         11     12     12     12     13     27     27     27     27     27     27     16
GET      /projects/{id}/tasks [bot]                                                             19     19     20     20     21     24     38     38     38     38     38     41
POST     /projects/{id}/tasks [create]                                                          25     25     39     39     39     39     39     39     39     39     39      3
GET      /projects/{id}/views/{view}/buckets/tasks [kanban]                                     22     23     27     27     30     30     30     30     30     30     30      7
PUT      /projects/{id}/views/{view}/buckets/{bucket}/tasks [move]                              10     10     10     10     10     10     10     10     10     10     10      1
GET      /projects/{id}/views/{view}/tasks [list]                                               24     24     25     25     28     31     31     31     31     31     31     16
GET      /tasks [bot]                                                                           30     31     31    160    160    160    160    160    160    160    160      5
GET      /tasks [home]                                                                          26     29     31     32     34     45     45     45     45     45     45     20
GET      /tasks/{id}                                                                            24     24     30     30     30     30     30     30     30     30     30      4
GET      /tasks/{id} [bot]                                                                      17     18     19     19     23     25     57     96    120    120    120    109
PATCH    /tasks/{id} [patch]                                                                    27     27     27     27     27     27     27     27     27     27     27      2
GET      /tasks/{id}/comments                                                                    8      8      8      8      8      8      8      8      8      8      8      4
POST     /tasks/{id}/labels [add]                                                               26     26     26     26     26     26     26     26     26     26     26      2
PUT      /tasks/{id}/position                                                                    8      8      8      8      8      8      8      8      8      8      8      1
PUT      /tasks/{id}/read                                                                        2      2      2      2      2      2      2      2      2      2      2      4
GET      /user                                                                                   7     17     17     36     48     54     54     54     54     54     54     17
WS       connect+auth+subscribe                                                                  4      6      6      6      7      8      8      8      8      8      8     17
--------|--------------------------------------------------------------------------------|--------|------|------|------|------|------|------|------|------|------|------|------
         Aggregated                                                                             18     20     25     28     57    160    340    360    370    370    370    415

