[2026-09-06 13:29:05,617] perf-loadgen/INFO/locust.main: Starting Locust 2.46.4
[2026-09-06 13:29:05,658] perf-loadgen/INFO/locust.main: Starting web interface at http://127.0.0.1:8089, press enter to open your default browser.
[2026-09-06 13:29:05,680] perf-loadgen/INFO/locust.runners: perf-loadgen_127ffa2468f74d58b925315639be229b (index 0) reported as ready. 1 workers connected.
[2026-09-06 13:29:05,680] perf-loadgen/INFO/locust.runners: perf-loadgen_ce98b61b52534e4d8758b63ed984a161 (index 1) reported as ready. 2 workers connected.
[2026-09-06 13:29:05,681] perf-loadgen/INFO/locust.runners: perf-loadgen_e7b0da92a69946b3a8accaf5c9d06ca5 (index 2) reported as ready. 3 workers connected.
[2026-09-06 13:29:05,681] perf-loadgen/INFO/locust.runners: perf-loadgen_82d76fc2dc9d405f83fa434d70610d26 (index 3) reported as ready. 4 workers connected.
[2026-09-06 13:29:05,681] perf-loadgen/INFO/locust.runners: perf-loadgen_c0f7682901724b20b9e3786d3478fcca (index 4) reported as ready. 5 workers connected.
[2026-09-06 13:29:05,681] perf-loadgen/INFO/locust.runners: perf-loadgen_cefeaec7e20d4780850fcbb5351bbd4e (index 5) reported as ready. 6 workers connected.
[2026-09-06 13:29:05,681] perf-loadgen/INFO/locust.runners: perf-loadgen_286a67ad04f0424586e37051f9b98da8 (index 6) reported as ready. 7 workers connected.
[2026-09-06 13:29:05,841] perf-loadgen/INFO/locust.runners: perf-loadgen_45d0d43cd0004083a9565b2269c20516 (index 7) reported as ready. 8 workers connected.
[2026-09-06 13:29:06,681] perf-loadgen/INFO/locust.main: Run time limit set to 600 seconds
[2026-09-06 13:29:06,681] perf-loadgen/INFO/locust.runners: Sending spawn jobs of 12000 users at 100.00 spawn rate to 8 ready workers
[2026-09-06 13:31:06,474] perf-loadgen/INFO/locust.runners: All users spawned: {"Glancer": 5143, "IntegrationBot": 1714, "Worker": 5143} (12000 total users)
[2026-09-06 13:39:06,681] perf-loadgen/INFO/locust.main: --run-time limit reached, stopping test
[2026-09-06 13:39:20,407] perf-loadgen/INFO/locust.runners: perf-loadgen_ce98b61b52534e4d8758b63ed984a161 (index 1) reported that it has stopped
[2026-09-06 13:39:21,102] perf-loadgen/INFO/locust.runners: Discarded report from unrecognized worker perf-loadgen_ce98b61b52534e4d8758b63ed984a161
[2026-09-06 13:39:22,117] perf-loadgen/INFO/locust.runners: perf-loadgen_82d76fc2dc9d405f83fa434d70610d26 (index 3) reported that it has stopped
[2026-09-06 13:39:23,281] perf-loadgen/INFO/locust.runners: perf-loadgen_cefeaec7e20d4780850fcbb5351bbd4e (index 5) reported that it has stopped
[2026-09-06 13:39:23,461] perf-loadgen/INFO/locust.runners: perf-loadgen_c0f7682901724b20b9e3786d3478fcca (index 4) reported that it has stopped
[2026-09-06 13:39:23,679] perf-loadgen/INFO/locust.runners: perf-loadgen_45d0d43cd0004083a9565b2269c20516 (index 7) reported that it has stopped
[2026-09-06 13:39:23,682] perf-loadgen/INFO/locust.runners: perf-loadgen_127ffa2468f74d58b925315639be229b (index 0) reported that it has stopped
[2026-09-06 13:39:24,103] perf-loadgen/INFO/locust.runners: Discarded report from unrecognized worker perf-loadgen_82d76fc2dc9d405f83fa434d70610d26
[2026-09-06 13:39:24,104] perf-loadgen/INFO/locust.runners: Discarded report from unrecognized worker perf-loadgen_ce98b61b52534e4d8758b63ed984a161
[2026-09-06 13:39:24,107] perf-loadgen/INFO/locust.runners: Discarded report from unrecognized worker perf-loadgen_127ffa2468f74d58b925315639be229b
[2026-09-06 13:39:24,127] perf-loadgen/INFO/locust.runners: Discarded report from unrecognized worker perf-loadgen_c0f7682901724b20b9e3786d3478fcca
[2026-09-06 13:39:24,127] perf-loadgen/INFO/locust.runners: Discarded report from unrecognized worker perf-loadgen_cefeaec7e20d4780850fcbb5351bbd4e
[2026-09-06 13:39:24,823] perf-loadgen/INFO/locust.runners: Discarded report from unrecognized worker perf-loadgen_45d0d43cd0004083a9565b2269c20516
[2026-09-06 13:39:25,574] perf-loadgen/INFO/locust.runners: perf-loadgen_e7b0da92a69946b3a8accaf5c9d06ca5 (index 2) reported that it has stopped
[2026-09-06 13:39:25,924] perf-loadgen/INFO/locust.runners: perf-loadgen_286a67ad04f0424586e37051f9b98da8 (index 6) reported that it has stopped
[2026-09-06 13:39:27,104] perf-loadgen/INFO/locust.runners: Discarded report from unrecognized worker perf-loadgen_82d76fc2dc9d405f83fa434d70610d26
[2026-09-06 13:39:27,105] perf-loadgen/INFO/locust.runners: Discarded report from unrecognized worker perf-loadgen_ce98b61b52534e4d8758b63ed984a161
[2026-09-06 13:39:27,108] perf-loadgen/INFO/locust.runners: Discarded report from unrecognized worker perf-loadgen_127ffa2468f74d58b925315639be229b
[2026-09-06 13:39:27,122] perf-loadgen/INFO/locust.runners: Discarded report from unrecognized worker perf-loadgen_286a67ad04f0424586e37051f9b98da8
[2026-09-06 13:39:27,123] perf-loadgen/INFO/locust.runners: Discarded report from unrecognized worker perf-loadgen_e7b0da92a69946b3a8accaf5c9d06ca5
[2026-09-06 13:39:27,128] perf-loadgen/INFO/locust.runners: Discarded report from unrecognized worker perf-loadgen_c0f7682901724b20b9e3786d3478fcca
[2026-09-06 13:39:27,128] perf-loadgen/INFO/locust.runners: Discarded report from unrecognized worker perf-loadgen_cefeaec7e20d4780850fcbb5351bbd4e
[2026-09-06 13:39:27,826] perf-loadgen/INFO/locust.runners: Discarded report from unrecognized worker perf-loadgen_45d0d43cd0004083a9565b2269c20516
[2026-09-06 13:39:30,106] perf-loadgen/INFO/locust.runners: Discarded report from unrecognized worker perf-loadgen_82d76fc2dc9d405f83fa434d70610d26
[2026-09-06 13:39:30,106] perf-loadgen/INFO/locust.runners: Discarded report from unrecognized worker perf-loadgen_ce98b61b52534e4d8758b63ed984a161
[2026-09-06 13:39:30,108] perf-loadgen/INFO/locust.runners: Discarded report from unrecognized worker perf-loadgen_127ffa2468f74d58b925315639be229b
[2026-09-06 13:39:30,124] perf-loadgen/INFO/locust.runners: Discarded report from unrecognized worker perf-loadgen_286a67ad04f0424586e37051f9b98da8
[2026-09-06 13:39:30,124] perf-loadgen/INFO/locust.runners: Discarded report from unrecognized worker perf-loadgen_e7b0da92a69946b3a8accaf5c9d06ca5
[2026-09-06 13:39:30,129] perf-loadgen/INFO/locust.runners: Discarded report from unrecognized worker perf-loadgen_c0f7682901724b20b9e3786d3478fcca
[2026-09-06 13:39:30,129] perf-loadgen/INFO/locust.runners: Discarded report from unrecognized worker perf-loadgen_cefeaec7e20d4780850fcbb5351bbd4e
[2026-09-06 13:39:30,828] perf-loadgen/INFO/locust.runners: Discarded report from unrecognized worker perf-loadgen_45d0d43cd0004083a9565b2269c20516
[2026-09-06 13:39:31,707] perf-loadgen/INFO/locust.main: --autoquit time reached, shutting down
[2026-09-06 13:39:32,798] perf-loadgen/INFO/locust.main: Shutting down (exit code 1)
Type     Name                                                                          # reqs      # fails |    Avg     Min     Max    Med |   req/s  failures/s
--------|----------------------------------------------------------------------------|-------|-------------|-------|-------|-------|-------|--------|-----------
GET      /avatar/{username}                                                            216358     0(0.00%) |      7       1     666      3 |  349.59        0.00
GET      /info                                                                          19679     0(0.00%) |      1       0     117      1 |   31.80        0.00
GET      /labels                                                                        19679     0(0.00%) |     35       2     583     18 |   31.80        0.00
POST     /login                                                                         11736     0(0.00%) |     61       4     784     43 |   18.96        0.00
GET      /projects                                                                      19679     0(0.00%) |     38       4     559     22 |   31.80        0.00
GET      /projects [bot]                                                                74358     0(0.00%) |     22       5     857     12 |  120.15        0.00
POST     /projects [create]                                                              1583     0(0.00%) |     47      16     458     34 |    2.56        0.00
GET      /projects/{id}                                                                 56126     0(0.00%) |     12       2     619      6 |   90.69        0.00
GET      /projects/{id}/tasks [bot]                                                    190276     0(0.00%) |     20       4    1057     11 |  307.45        0.00
POST     /projects/{id}/tasks [create]                                                   8004     5(0.06%) |     29       8     364     18 |   12.93        0.01
GET      /projects/{id}/views/{view}/buckets/tasks [kanban]                             16067     0(0.00%) |     26       6     561     16 |   25.96        0.00
PUT      /projects/{id}/views/{view}/buckets/{bucket}/tasks [move]                       2307     0(0.00%) |     19       2     649     12 |    3.73        0.00
GET      /projects/{id}/views/{view}/tasks [gantt]                                       3113     0(0.00%) |     27       3     328     17 |    5.03        0.00
GET      /projects/{id}/views/{view}/tasks [list]                                       59487     0(0.00%) |     21       2     676     12 |   96.12        0.00
GET      /tasks [bot]                                                                   24807     0(0.00%) |     27       8     702     16 |   40.08        0.00
GET      /tasks [home]                                                                  43669     0(0.00%) |     43       6     638     22 |   70.56        0.00
GET      /tasks/{id}                                                                    19211     0(0.00%) |     21       5     521     13 |   31.04        0.00
GET      /tasks/{id} [bot]                                                             537060     0(0.00%) |     19       4     947      9 |  867.78        0.00
PATCH    /tasks/{id} [patch]                                                             9496     0(0.00%) |     29       3    1050     16 |   15.34        0.00
GET      /tasks/{id}/comments                                                           19211     0(0.00%) |     11       2     669      5 |   31.04        0.00
POST     /tasks/{id}/comments [create]                                                   1631     0(0.00%) |     12       3     336      6 |    2.64        0.00
POST     /tasks/{id}/labels [add]                                                        3137     0(0.00%) |     22       4     436     13 |    5.07        0.00
PUT      /tasks/{id}/position                                                            4728     0(0.00%) |     15       3     438      8 |    7.64        0.00
PUT      /tasks/{id}/read                                                               19211     0(0.00%) |      8       1     537      3 |   31.04        0.00
GET      /user                                                                          19679     0(0.00%) |     21       1     570      6 |   31.80        0.00
POST     /user/token/refresh                                                            23444     0(0.00%) |     15       2     793      7 |   37.88        0.00
WS       connect+auth+subscribe                                                         19679     0(0.00%) |      3       1     284      3 |   31.80        0.00
--------|----------------------------------------------------------------------------|-------|-------------|-------|-------|-------|-------|--------|-----------
         Aggregated                                                                   1443415     5(0.00%) |     19       0    1057      9 | 2332.26        0.01

Response time percentiles (approximated)
Type     Name                                                                                  50%    66%    75%    80%    90%    95%    98%    99%  99.9% 99.99%   100% # reqs
--------|--------------------------------------------------------------------------------|--------|------|------|------|------|------|------|------|------|------|------|------
GET      /avatar/{username}                                                                      3      3      4      5     10     30     73    120    290    460    670 216358
GET      /info                                                                                   1      2      2      2      3      5      7      9     21     41    120  19679
GET      /labels                                                                                18     35     48     58     89    130    180    220    370    580    580  19679
POST     /login                                                                                 43     60     75     86    130    170    250    310    520    720    780  11736
GET      /projects                                                                              22     36     49     58     88    120    180    220    400    540    560  19679
GET      /projects [bot]                                                                        12     14     17     20     39     78    150    220    410    590    860  74358
POST     /projects [create]                                                                     34     42     53     62     93    120    170    210    340    460    460   1583
GET      /projects/{id}                                                                          6      7      9     11     23     48     95    140    290    460    620  56126
GET      /projects/{id}/tasks [bot]                                                             11     13     15     18     33     72    150    210    410    600   1100 190276
POST     /projects/{id}/tasks [create]                                                          18     23     29     34     58     87    130    170    300    360    360   8004
GET      /projects/{id}/views/{view}/buckets/tasks [kanban]                                     16     20     25     29     49     78    130    170    320    420    560  16067
PUT      /projects/{id}/views/{view}/buckets/{bucket}/tasks [move]                              12     15     17     20     37     63    110    150    290    650    650   2307
GET      /projects/{id}/views/{view}/tasks [gantt]                                              17     22     27     32     52     85    130    180    310    330    330   3113
GET      /projects/{id}/views/{view}/tasks [list]                                               12     16     19     23     40     67    120    160    320    530    680  59487
GET      /tasks [bot]                                                                           16     20     23     27     47     90    170    230    420    580    700  24807
GET      /tasks [home]                                                                          22     39     57     69    100    130    190    220    380    540    640  43669
GET      /tasks/{id}                                                                            13     16     20     24     41     68    120    160    340    500    520  19211
GET      /tasks/{id} [bot]                                                                       9     11     14     16     31     69    150    210    400    620    950 537060
PATCH    /tasks/{id} [patch]                                                                    16     22     27     32     59    110    180    230    400   1100   1100   9496
GET      /tasks/{id}/comments                                                                    5      6      7      9     18     41     86    130    310    570    670  19211
POST     /tasks/{id}/comments [create]                                                           6      7      9     11     24     47     90    130    250    340    340   1631
POST     /tasks/{id}/labels [add]                                                               13     17     22     27     46     67    110    140    290    440    440   3137
PUT      /tasks/{id}/position                                                                    8     10     13     15     27     49     97    140    280    440    440   4728
PUT      /tasks/{id}/read                                                                        3      3      4      5     11     31     75    120    290    490    540  19211
GET      /user                                                                                   6     15     23     31     58     90    150    200    380    500    570  19679
POST     /user/token/refresh                                                                     7     10     13     16     31     53     97    140    290    510    790  23444
WS       connect+auth+subscribe                                                                  3      4      4      4      5      6      8     11     41    180    280  19679
--------|--------------------------------------------------------------------------------|--------|------|------|------|------|------|------|------|------|------|------|------
         Aggregated                                                                              9     12     15     18     37     73    140    190    380    570   1100 1443415

Error report
# occurrences      Error                                                                                               
------------------|---------------------------------------------------------------------------------------------------------------------------------------------
5                  POST /projects/{id}/tasks [create]: LocustBadStatusCode(code=500)                                   
------------------|---------------------------------------------------------------------------------------------------------------------------------------------

