[2026-09-06 10:15:09,747] perf-loadgen/INFO/locust.main: Starting Locust 2.46.4
[2026-09-06 10:15:09,748] perf-loadgen/INFO/locust.main: Starting web interface at http://127.0.0.1:8089, press enter to open your default browser.
[2026-09-06 10:15:09,761] perf-loadgen/INFO/locust.main: Run time limit set to 600 seconds
[2026-09-06 10:15:09,765] perf-loadgen/INFO/locust.runners: Ramping to 3000 users at a rate of 25.00 per second
[2026-09-06 10:17:09,565] perf-loadgen/INFO/locust.runners: All users spawned: {"Glancer": 1286, "IntegrationBot": 429, "Worker": 1285} (3000 total users)
[2026-09-06 10:25:09,523] perf-loadgen/INFO/locust.main: --run-time limit reached, stopping test
[2026-09-06 10:25:32,616] perf-loadgen/INFO/locust.main: --autoquit time reached, shutting down
[2026-09-06 10:25:32,669] perf-loadgen/INFO/locust.main: Shutting down (exit code 0)
Type     Name                                                                          # reqs      # fails |    Avg     Min     Max    Med |   req/s  failures/s
--------|----------------------------------------------------------------------------|-------|-------------|-------|-------|-------|-------|--------|-----------
GET      /avatar/{username}                                                             54218     0(0.00%) |      3       1     214      3 |   87.82        0.00
GET      /info                                                                           4914     0(0.00%) |      8       0      49      4 |    7.96        0.00
GET      /labels                                                                         4914     0(0.00%) |     10       2      56      9 |    7.96        0.00
POST     /login                                                                          2916     0(0.00%) |     37       4     202     37 |    4.72        0.00
GET      /projects                                                                       4914     0(0.00%) |     19       5      70     17 |    7.96        0.00
GET      /projects [bot]                                                                18726     0(0.00%) |     12       6     218     11 |   30.33        0.00
POST     /projects [create]                                                               393     0(0.00%) |     30      19     188     29 |    0.64        0.00
GET      /projects/{id}                                                                 14030     0(0.00%) |      6       2     183      5 |   22.73        0.00
GET      /projects/{id}/tasks [bot]                                                     48107     0(0.00%) |     11       5     209     10 |   77.92        0.00
POST     /projects/{id}/tasks [create]                                                   2012     0(0.00%) |     17      10      82     16 |    3.26        0.00
GET      /projects/{id}/views/{view}/buckets/tasks [kanban]                              3989     0(0.00%) |     15       7      70     15 |    6.46        0.00
PUT      /projects/{id}/views/{view}/buckets/{bucket}/tasks [move]                        601     0(0.00%) |     11       3      42     12 |    0.97        0.00
GET      /projects/{id}/views/{view}/tasks [gantt]                                        815     0(0.00%) |     15       4      60     15 |    1.32        0.00
GET      /projects/{id}/views/{view}/tasks [list]                                       14821     0(0.00%) |     12       2     405     12 |   24.01        0.00
GET      /tasks [bot]                                                                    6276     0(0.00%) |     16       9     187     16 |   10.17        0.00
GET      /tasks [home]                                                                  10978     0(0.00%) |     17       7     194     16 |   17.78        0.00
GET      /tasks/{id}                                                                     4724     0(0.00%) |     12       6     190     11 |    7.65        0.00
GET      /tasks/{id} [bot]                                                             135902     0(0.00%) |      9       5     231      9 |  220.14        0.00
PATCH    /tasks/{id} [patch]                                                             2400     0(0.00%) |     16       4      64     15 |    3.89        0.00
GET      /tasks/{id}/comments                                                            4724     0(0.00%) |      5       2    1018      5 |    7.65        0.00
POST     /tasks/{id}/comments [create]                                                    419     0(0.00%) |      7       3      49      6 |    0.68        0.00
POST     /tasks/{id}/labels [add]                                                         785     0(0.00%) |     14       5      73     13 |    1.27        0.00
PUT      /tasks/{id}/position                                                            1205     0(0.00%) |      8       4      68      7 |    1.95        0.00
PUT      /tasks/{id}/read                                                                4724     0(0.00%) |      3       1     187      3 |    7.65        0.00
GET      /user                                                                           4914     0(0.00%) |      8       1      38      5 |    7.96        0.00
POST     /user/token/refresh                                                             5872     0(0.00%) |     11       3     277      8 |    9.51        0.00
WS       connect+auth+subscribe                                                          4914     0(0.00%) |     12       1     214      7 |    7.96        0.00
--------|----------------------------------------------------------------------------|-------|-------------|-------|-------|-------|-------|--------|-----------
         Aggregated                                                                    363207     0(0.00%) |      9       0    1018      9 |  588.33        0.00

Response time percentiles (approximated)
Type     Name                                                                                  50%    66%    75%    80%    90%    95%    98%    99%  99.9% 99.99%   100% # reqs
--------|--------------------------------------------------------------------------------|--------|------|------|------|------|------|------|------|------|------|------|------
GET      /avatar/{username}                                                                      3      3      3      4      4      6      9     13     28     44    210  54218
GET      /info                                                                                   4     12     14     15     19     22     26     30     44     50     50   4914
GET      /labels                                                                                 9     12     14     16     19     22     26     29     43     57     57   4914
POST     /login                                                                                 37     41     44     46     52     59     72    100    200    200    200   2916
GET      /projects                                                                              17     24     27     30     35     39     43     46     57     70     70   4914
GET      /projects [bot]                                                                        11     12     13     13     15     18     25     33     64    220    220  18726
POST     /projects [create]                                                                     29     31     33     34     38     43     48     54    190    190    190    393
GET      /projects/{id}                                                                          5      6      7      7      9     12     19     23     43     75    180  14030
GET      /projects/{id}/tasks [bot]                                                             10     11     12     12     14     16     24     32     63    170    210  48107
POST     /projects/{id}/tasks [create]                                                          16     17     18     19     21     25     32     40     76     82     82   2012
GET      /projects/{id}/views/{view}/buckets/tasks [kanban]                                     15     16     17     18     20     23     28     33     51     70     70   3989
PUT      /projects/{id}/views/{view}/buckets/{bucket}/tasks [move]                              12     14     15     15     18     21     25     31     43     43     43    601
GET      /projects/{id}/views/{view}/tasks [gantt]                                              15     16     17     18     20     23     26     33     61     61     61    815
GET      /projects/{id}/views/{view}/tasks [list]                                               12     13     14     14     16     19     25     31     54    250    410  14821
GET      /tasks [bot]                                                                           16     17     18     18     20     23     30     39     73    190    190   6276
GET      /tasks [home]                                                                          16     19     21     23     27     30     35     41     64    100    190  10978
GET      /tasks/{id}                                                                            11     12     13     14     16     20     27     33     55    190    190   4724
GET      /tasks/{id} [bot]                                                                       9     10     10     11     12     14     21     29     60    120    230 135902
PATCH    /tasks/{id} [patch]                                                                    15     17     18     21     27     30     35     39     59     64     64   2400
GET      /tasks/{id}/comments                                                                    5      5      6      6      7      9     16     20     30   1000   1000   4724
POST     /tasks/{id}/comments [create]                                                           6      7      7      8      9     14     23     26     50     50     50    419
POST     /tasks/{id}/labels [add]                                                               13     15     15     16     18     21     28     35     74     74     74    785
PUT      /tasks/{id}/position                                                                    7      8      9      9     11     14     20     26     57     68     68   1205
PUT      /tasks/{id}/read                                                                        3      3      3      4      4      6     10     13     21    190    190   4724
GET      /user                                                                                   5     11     13     14     17     19     23     25     31     38     38   4914
POST     /user/token/refresh                                                                     8     12     15     17     21     26     32     38    260    280    280   5872
WS       connect+auth+subscribe                                                                  7     17     21     23     30     35     40     47     82    210    210   4914
--------|--------------------------------------------------------------------------------|--------|------|------|------|------|------|------|------|------|------|------|------
         Aggregated                                                                              9     10     12     12     16     21     30     38     63    190   1000 363207

