[2026-08-29 13:03:45,302] perf-loadgen/INFO/locust.main: Starting Locust 2.46.4
[2026-08-29 13:03:45,303] perf-loadgen/INFO/locust.main: Starting web interface at http://127.0.0.1:8089, press enter to open your default browser.
[2026-08-29 13:03:45,318] perf-loadgen/INFO/locust.main: Run time limit set to 600 seconds
[2026-08-29 13:03:45,323] perf-loadgen/INFO/locust.runners: Ramping to 1500 users at a rate of 25.00 per second
[2026-08-29 13:04:45,139] perf-loadgen/INFO/locust.runners: All users spawned: {"Glancer": 643, "IntegrationBot": 214, "Worker": 643} (1500 total users)
[2026-08-29 13:13:45,068] perf-loadgen/INFO/locust.main: --run-time limit reached, stopping test
[2026-08-29 13:13:50,492] perf-loadgen/INFO/locust.main: --autoquit time reached, shutting down
[2026-08-29 13:13:50,572] perf-loadgen/INFO/locust.main: Shutting down (exit code 0)
Type     Name                                                                          # reqs      # fails |    Avg     Min     Max    Med |   req/s  failures/s
--------|----------------------------------------------------------------------------|-------|-------------|-------|-------|-------|-------|--------|-----------
GET      /avatar/{username}                                                             26951     0(0.00%) |    120       1   28177      3 |   44.93        0.00
GET      /info                                                                           2474     0(0.00%) |     14       0     189      4 |    4.12        0.00
GET      /labels                                                                         2474     0(0.00%) |   1309      14   19399    450 |    4.12        0.00
POST     /login                                                                          3331     0(0.00%) |   3628     117   31040   1900 |    5.55        0.00
GET      /projects                                                                       2474     0(0.00%) |   1440       9   21728    400 |    4.12        0.00
GET      /projects [bot]                                                                 9213     0(0.00%) |     77       7   15913     14 |   15.36        0.00
POST     /projects [create]                                                               210     0(0.00%) |    157      24    6361     39 |    0.35        0.00
GET      /projects/{id}                                                                  7001     0(0.00%) |    171       4   16246      8 |   11.67        0.00
GET      /projects/{id}/tasks [bot]                                                     23843     0(0.00%) |     75       8   23908     14 |   39.75        0.00
POST     /projects/{id}/tasks [create]                                                    992     0(0.00%) |    199      10   18709     19 |    1.65        0.00
GET      /projects/{id}/views/{view}/buckets/tasks [kanban]                              2019     0(0.00%) |    234      12   15910     23 |    3.37        0.00
PUT      /projects/{id}/views/{view}/buckets/{bucket}/tasks [move]                        294     0(0.00%) |    206       4   18081     18 |    0.49        0.00
GET      /projects/{id}/views/{view}/tasks [gantt]                                        378     0(0.00%) |    170       6    6239     16 |    0.63        0.00
GET      /projects/{id}/views/{view}/tasks [list]                                        7377     0(0.00%) |    254       4   30634     18 |   12.30        0.00
GET      /tasks [bot]                                                                    3015     0(0.00%) |     66      12   12804     21 |    5.03        0.00
GET      /tasks [home]                                                                   5448     0(0.00%) |    744      11   20451     24 |    9.08        0.00
GET      /tasks/{id}                                                                     2380     0(0.00%) |    248      10   16339     19 |    3.97        0.00
GET      /tasks/{id} [bot]                                                              67063     0(0.00%) |     71       7   21363     13 |  111.80        0.00
PATCH    /tasks/{id} [patch]                                                             1230     0(0.00%) |    286       8   18822     22 |    2.05        0.00
GET      /tasks/{id}/comments                                                            2380     0(0.00%) |    165       4   12516      7 |    3.97        0.00
POST     /tasks/{id}/comments [create]                                                    218     0(0.00%) |    164       4    5989      7 |    0.36        0.00
POST     /tasks/{id}/labels [add]                                                         388     0(0.00%) |    219       6   13526     14 |    0.65        0.00
PUT      /tasks/{id}/position                                                             609     0(0.00%) |    162       4    8595      8 |    1.02        0.00
PUT      /tasks/{id}/read                                                                2379     0(0.00%) |    134       1   11870      3 |    3.97        0.00
GET      /user                                                                           2474     0(0.00%) |   1327       1   28064    120 |    4.12        0.00
POST     /user/token/refresh                                                             1500     0(0.00%) |      6       2      55      6 |    2.50        0.00
WS       connect+auth+subscribe                                                          2474     0(0.00%) |     21       1     229      6 |    4.12        0.00
--------|----------------------------------------------------------------------------|-------|-------------|-------|-------|-------|-------|--------|-----------
         Aggregated                                                                    180589     0(0.00%) |    237       0   31040     13 |  301.05        0.00

Response time percentiles (approximated)
Type     Name                                                                                  50%    66%    75%    80%    90%    95%    98%    99%  99.9% 99.99%   100% # reqs
--------|--------------------------------------------------------------------------------|--------|------|------|------|------|------|------|------|------|------|------|------
GET      /avatar/{username}                                                                      3      3      4      4      6    250   1700   3500  12000  20000  28000  26951
GET      /info                                                                                   4     16     21     24     40     59     79     94    150    190    190   2474
GET      /labels                                                                               450   1100   1600   2100   3800   5800   8500  11000  15000  19000  19000   2474
POST     /login                                                                               1900   3900   5500   6600  10000  13000  16000  19000  27000  31000  31000   3331
GET      /projects                                                                             400   1300   1800   2300   4200   6100   9100  12000  21000  22000  22000   2474
GET      /projects [bot]                                                                        14     16     18     19     23     32    560   2000   8500  16000  16000   9213
POST     /projects [create]                                                                     39     45     47     50     60     73   2600   5300   6400   6400   6400    210
GET      /projects/{id}                                                                          8     10     11     12     18    650   2600   4600  12000  16000  16000   7001
GET      /projects/{id}/tasks [bot]                                                             14     16     18     19     23     31    280   1700   9400  18000  24000  23843
POST     /projects/{id}/tasks [create]                                                          19     22     24     26     35    300   3000   4800  19000  19000  19000    992
GET      /projects/{id}/views/{view}/buckets/tasks [kanban]                                     23     27     30     31     44   1300   3700   5300  13000  16000  16000   2019
PUT      /projects/{id}/views/{view}/buckets/{bucket}/tasks [move]                              18     22     24     25     30    490   3300   6000  18000  18000  18000    294
GET      /projects/{id}/views/{view}/tasks [gantt]                                              16     18     20     22     34   1100   2400   4900   6200   6200   6200    378
GET      /projects/{id}/views/{view}/tasks [list]                                               18     21     24     26     39   1500   3600   5400  13000  31000  31000   7377
GET      /tasks [bot]                                                                           21     24     27     28     34     42     89   2000   5400  13000  13000   3015
GET      /tasks [home]                                                                          24     32    480   1200   2300   4000   7000   9200  16000  20000  20000   5448
GET      /tasks/{id}                                                                            19     23     25     27     38   1100   3900   6100  15000  16000  16000   2380
GET      /tasks/{id} [bot]                                                                      13     15     17     18     22     30    290   1900   8400  16000  21000  67063
PATCH    /tasks/{id} [patch]                                                                    22     27     31     34     46   1000   5300   7700  16000  19000  19000   1230
GET      /tasks/{id}/comments                                                                    7      8      9     10     14    530   2600   4800  11000  13000  13000   2380
POST     /tasks/{id}/comments [create]                                                           7      9     10     11     20   1000   2400   4800   6000   6000   6000    218
POST     /tasks/{id}/labels [add]                                                               14     17     19     21     35   1400   3800   4700  14000  14000  14000    388
PUT      /tasks/{id}/position                                                                    8      9     10     11     16    670   2500   4100   8600   8600   8600    609
PUT      /tasks/{id}/read                                                                        3      3      3      4      6    440   2100   3500  11000  12000  12000   2379
GET      /user                                                                                 120    790   1500   2000   4000   6600  10000  13000  23000  28000  28000   2474
POST     /user/token/refresh                                                                     6      7      7      8      9     12     17     33     54     56     56   1500
WS       connect+auth+subscribe                                                                  6     17     35     41     60     80    110    130    190    230    230   2474
--------|--------------------------------------------------------------------------------|--------|------|------|------|------|------|------|------|------|------|------|------
         Aggregated                                                                             13     16     19     21     37   1100   3700   6100  15000  23000  31000 180589

