[2026-09-05 22:17:38,911] perf-loadgen/INFO/locust.main: Starting Locust 2.46.4
[2026-09-05 22:17:38,911] perf-loadgen/INFO/locust.main: Starting web interface at http://127.0.0.1:8089, press enter to open your default browser.
[2026-09-05 22:17:38,924] perf-loadgen/INFO/locust.main: Run time limit set to 600 seconds
[2026-09-05 22:17:38,928] perf-loadgen/INFO/locust.runners: Ramping to 3000 users at a rate of 25.00 per second
[2026-09-05 22:19:38,985] perf-loadgen/INFO/locust.runners: All users spawned: {"Glancer": 1286, "IntegrationBot": 429, "Worker": 1285} (3000 total users)
[2026-09-05 22:27:38,696] perf-loadgen/INFO/locust.main: --run-time limit reached, stopping test
[2026-09-05 22:28:03,517] perf-loadgen/INFO/locust.main: --autoquit time reached, shutting down
[2026-09-05 22:28:03,596] perf-loadgen/INFO/locust.main: Shutting down (exit code 1)
Type     Name                                                                          # reqs      # fails |    Avg     Min     Max    Med |   req/s  failures/s
--------|----------------------------------------------------------------------------|-------|-------------|-------|-------|-------|-------|--------|-----------
GET      /avatar/{username}                                                             54420     0(0.00%) |      3       1     219      3 |   87.83        0.00
GET      /info                                                                           4892     0(0.00%) |      7       0      79      3 |    7.90        0.00
GET      /labels                                                                         4892     0(0.00%) |     14       3     138     10 |    7.90        0.00
POST     /login                                                                          2956     0(0.00%) |     39       5     165     37 |    4.77        0.00
GET      /projects                                                                       4892     0(0.00%) |     24       6     140     20 |    7.90        0.00
GET      /projects [bot]                                                                18588     0(0.00%) |     18       9     306     14 |   30.00        0.00
POST     /projects [create]                                                               394     0(0.00%) |     37      21     207     32 |    0.64        0.00
GET      /projects/{id}                                                                 14168     0(0.00%) |      9       4     280      7 |   22.87        0.00
GET      /projects/{id}/tasks [bot]                                                     47828     0(0.00%) |     18       8     278     14 |   77.19        0.00
POST     /projects/{id}/tasks [create]                                                   1976     1(0.05%) |     25      13     270     20 |    3.19        0.00
GET      /projects/{id}/views/{view}/buckets/tasks [kanban]                              3985     0(0.00%) |     22       8     203     18 |    6.43        0.00
PUT      /projects/{id}/views/{view}/buckets/{bucket}/tasks [move]                        589     0(0.00%) |     19       4     237     17 |    0.95        0.00
GET      /projects/{id}/views/{view}/tasks [gantt]                                        788     0(0.00%) |     16       5     134     14 |    1.27        0.00
GET      /projects/{id}/views/{view}/tasks [list]                                       14884     0(0.00%) |     17       4     248     14 |   24.02        0.00
GET      /tasks [bot]                                                                    6204     0(0.00%) |     24      12     350     19 |   10.01        0.00
GET      /tasks [home]                                                                  10850     0(0.00%) |     23       9     174     18 |   17.51        0.00
GET      /tasks/{id}                                                                     4747     0(0.00%) |     19      10     236     15 |    7.66        0.00
GET      /tasks/{id} [bot]                                                             134495     0(0.00%) |     18       9     358     14 |  217.07        0.00
PATCH    /tasks/{id} [patch]                                                             2407     0(0.00%) |     24       7     246     19 |    3.88        0.00
GET      /tasks/{id}/comments                                                            4747     0(0.00%) |      7       3     145      6 |    7.66        0.00
POST     /tasks/{id}/comments [create]                                                    432     0(0.00%) |      9       4      84      6 |    0.70        0.00
POST     /tasks/{id}/labels [add]                                                         773     0(0.00%) |     18       6     136     14 |    1.25        0.00
PUT      /tasks/{id}/position                                                            1213     0(0.00%) |     12       6     125     10 |    1.96        0.00
PUT      /tasks/{id}/read                                                                4747     0(0.00%) |      3       1      76      3 |    7.66        0.00
GET      /user                                                                           4892     0(0.00%) |      8       1     140      5 |    7.90        0.00
POST     /user/token/refresh                                                             5806     0(0.00%) |     11       3     259      7 |    9.37        0.00
WS       connect+auth+subscribe                                                          4892     0(0.00%) |      8       1      61      5 |    7.90        0.00
--------|----------------------------------------------------------------------------|-------|-------------|-------|-------|-------|-------|--------|-----------
         Aggregated                                                                    361457     1(0.00%) |     15       0     358     13 |  583.38        0.00

Response time percentiles (approximated)
Type     Name                                                                                  50%    66%    75%    80%    90%    95%    98%    99%  99.9% 99.99%   100% # reqs
--------|--------------------------------------------------------------------------------|--------|------|------|------|------|------|------|------|------|------|------|------
GET      /avatar/{username}                                                                      3      3      4      4      5      8     15     23     58     96    220  54420
GET      /info                                                                                   3      8     11     13     18     24     32     36     51     79     79   4892
GET      /labels                                                                                10     16     19     21     28     36     49     60     91    140    140   4892
POST     /login                                                                                 37     43     47     50     61     77     98    110    160    170    170   2956
GET      /projects                                                                              20     28     32     35     45     56     73     89    110    140    140   4892
GET      /projects [bot]                                                                        14     15     16     17     21     40     96    130    200    290    310  18588
POST     /projects [create]                                                                     32     35     38     39     49     71    130    170    210    210    210    394
GET      /projects/{id}                                                                          7      8      9      9     13     23     43     58    120    260    280  14168
GET      /projects/{id}/tasks [bot]                                                             14     15     16     17     21     39     88    120    200    270    280  47828
POST     /projects/{id}/tasks [create]                                                          20     23     25     26     35     57     90    120    150    270    270   1976
GET      /projects/{id}/views/{view}/buckets/tasks [kanban]                                     18     20     22     23     30     46     82    110    170    200    200   3985
PUT      /projects/{id}/views/{view}/buckets/{bucket}/tasks [move]                              17     19     20     21     27     42     90    130    240    240    240    589
GET      /projects/{id}/views/{view}/tasks [gantt]                                              14     15     16     17     21     32     51     70    130    130    130    788
GET      /projects/{id}/views/{view}/tasks [list]                                               14     15     17     18     24     38     68     89    160    240    250  14884
GET      /tasks [bot]                                                                           19     21     22     24     30     53    110    140    240    350    350   6204
GET      /tasks [home]                                                                          18     22     26     30     40     54     74     93    160    170    170  10850
GET      /tasks/{id}                                                                            15     17     18     20     27     45     73    110    180    240    240   4747
GET      /tasks/{id} [bot]                                                                      14     15     16     17     22     40     90    130    210    280    360 134495
PATCH    /tasks/{id} [patch]                                                                    19     22     26     31     39     53     93    140    230    250    250   2407
GET      /tasks/{id}/comments                                                                    6      7      7      8     11     17     29     39    110    150    150   4747
POST     /tasks/{id}/comments [create]                                                           6      7      8      9     15     26     39     69     84     84     84    432
POST     /tasks/{id}/labels [add]                                                               14     15     17     18     24     43     65     85    140    140    140    773
PUT      /tasks/{id}/position                                                                   10     11     12     13     16     28     52     75    120    130    130   1213
PUT      /tasks/{id}/read                                                                        3      3      4      4      5      8     15     22     54     77     77   4747
GET      /user                                                                                   5     10     13     14     18     22     30     38     82    140    140   4892
POST     /user/token/refresh                                                                     7     10     13     15     22     30     39     49    220    260    260   5806
WS       connect+auth+subscribe                                                                  5      8     12     15     20     25     33     39     53     61     61   4892
--------|--------------------------------------------------------------------------------|--------|------|------|------|------|------|------|------|------|------|------|------
         Aggregated                                                                             13     15     16     17     23     37     71    100    190    260    360 361457

Error report
# occurrences      Error                                                                                               
------------------|---------------------------------------------------------------------------------------------------------------------------------------------
1                  POST /projects/{id}/tasks [create]: LocustBadStatusCode(code=500)                                   
------------------|---------------------------------------------------------------------------------------------------------------------------------------------

