[2026-09-05 22:32:02,560] perf-loadgen/INFO/locust.main: Starting Locust 2.46.4
[2026-09-05 22:32:02,560] perf-loadgen/INFO/locust.main: Starting web interface at http://127.0.0.1:8089, press enter to open your default browser.
[2026-09-05 22:32:02,572] perf-loadgen/INFO/locust.main: Run time limit set to 600 seconds
[2026-09-05 22:32:02,575] perf-loadgen/INFO/locust.runners: Ramping to 3000 users at a rate of 25.00 per second
[2026-09-05 22:34:02,572] perf-loadgen/INFO/locust.runners: All users spawned: {"Glancer": 1286, "IntegrationBot": 429, "Worker": 1285} (3000 total users)
[2026-09-05 22:42:02,355] perf-loadgen/INFO/locust.main: --run-time limit reached, stopping test
[2026-09-05 22:42:26,570] perf-loadgen/INFO/locust.main: --autoquit time reached, shutting down
[2026-09-05 22:42:26,647] perf-loadgen/INFO/locust.main: Shutting down (exit code 0)
Type     Name                                                                          # reqs      # fails |    Avg     Min     Max    Med |   req/s  failures/s
--------|----------------------------------------------------------------------------|-------|-------------|-------|-------|-------|-------|--------|-----------
GET      /avatar/{username}                                                             53867     0(0.00%) |      3       1     290      3 |   87.02        0.00
GET      /info                                                                           4922     0(0.00%) |      7       0      58      4 |    7.95        0.00
GET      /labels                                                                         4922     0(0.00%) |     13       3     146     10 |    7.95        0.00
POST     /login                                                                          2901     0(0.00%) |     40       5     190     38 |    4.69        0.00
GET      /projects                                                                       4922     0(0.00%) |     22       6     130     19 |    7.95        0.00
GET      /projects [bot]                                                                18694     0(0.00%) |     17       8     305     14 |   30.20        0.00
POST     /projects [create]                                                               382     0(0.00%) |     35      20     162     31 |    0.62        0.00
GET      /projects/{id}                                                                 13909     0(0.00%) |      9       3     250      7 |   22.47        0.00
GET      /projects/{id}/tasks [bot]                                                     47417     0(0.00%) |     17       8     327     13 |   76.60        0.00
POST     /projects/{id}/tasks [create]                                                   2020     0(0.00%) |     23      12     217     20 |    3.26        0.00
GET      /projects/{id}/views/{view}/buckets/tasks [kanban]                              3925     0(0.00%) |     20       8     213     17 |    6.34        0.00
PUT      /projects/{id}/views/{view}/buckets/{bucket}/tasks [move]                        561     0(0.00%) |     16       4     126     16 |    0.91        0.00
GET      /projects/{id}/views/{view}/tasks [gantt]                                        774     0(0.00%) |     19       5     218     16 |    1.25        0.00
GET      /projects/{id}/views/{view}/tasks [list]                                       14818     0(0.00%) |     15       3     316     13 |   23.94        0.00
GET      /tasks [bot]                                                                    6143     0(0.00%) |     22      12     293     18 |    9.92        0.00
GET      /tasks [home]                                                                  10992     0(0.00%) |     21       9     318     17 |   17.76        0.00
GET      /tasks/{id}                                                                     4816     0(0.00%) |     18       9     212     15 |    7.78        0.00
GET      /tasks/{id} [bot]                                                             135099     0(0.00%) |     17       8     314     14 |  218.26        0.00
PATCH    /tasks/{id} [patch]                                                             2490     0(0.00%) |     23       7     265     18 |    4.02        0.00
GET      /tasks/{id}/comments                                                            4816     0(0.00%) |      6       3     120      5 |    7.78        0.00
POST     /tasks/{id}/comments [create]                                                    419     0(0.00%) |      8       4      90      6 |    0.68        0.00
POST     /tasks/{id}/labels [add]                                                         812     0(0.00%) |     17       6     154     14 |    1.31        0.00
PUT      /tasks/{id}/position                                                            1200     0(0.00%) |     12       6     137     10 |    1.94        0.00
PUT      /tasks/{id}/read                                                                4816     0(0.00%) |      3       1      75      3 |    7.78        0.00
GET      /user                                                                           4922     0(0.00%) |      8       1      87      6 |    7.95        0.00
POST     /user/token/refresh                                                             5885     0(0.00%) |     10       3     195      7 |    9.51        0.00
WS       connect+auth+subscribe                                                          4922     0(0.00%) |      9       1      49      5 |    7.95        0.00
--------|----------------------------------------------------------------------------|-------|-------------|-------|-------|-------|-------|--------|-----------
         Aggregated                                                                    361366     0(0.00%) |     14       0     327     13 |  583.80        0.00

Response time percentiles (approximated)
Type     Name                                                                                  50%    66%    75%    80%    90%    95%    98%    99%  99.9% 99.99%   100% # reqs
--------|--------------------------------------------------------------------------------|--------|------|------|------|------|------|------|------|------|------|------|------
GET      /avatar/{username}                                                                      3      3      4      4      5      7     13     19     51     92    290  53867
GET      /info                                                                                   4     10     13     14     19     24     32     40     55     58     58   4922
GET      /labels                                                                                10     14     17     19     25     33     45     57    110    150    150   4922
POST     /login                                                                                 38     42     46     49     60     80    110    130    170    190    190   2901
GET      /projects                                                                              19     27     31     33     41     49     63     75    110    130    130   4922
GET      /projects [bot]                                                                        14     15     16     17     21     30     77    120    210    280    310  18694
POST     /projects [create]                                                                     31     33     36     37     44     64     95    120    160    160    160    382
GET      /projects/{id}                                                                          7      8      9      9     13     20     38     59    130    240    250  13909
GET      /projects/{id}/tasks [bot]                                                             13     14     15     16     20     33     82    120    210    300    330  47417
POST     /projects/{id}/tasks [create]                                                          20     22     23     25     31     43     73    100    200    220    220   2020
GET      /projects/{id}/views/{view}/buckets/tasks [kanban]                                     17     19     20     22     26     37     66     96    160    210    210   3925
PUT      /projects/{id}/views/{view}/buckets/{bucket}/tasks [move]                              16     18     20     21     25     32     45     70    130    130    130    561
GET      /projects/{id}/views/{view}/tasks [gantt]                                              16     17     19     20     25     40     65    110    220    220    220    774
GET      /projects/{id}/views/{view}/tasks [list]                                               13     14     15     17     21     31     58     81    150    290    320  14818
GET      /tasks [bot]                                                                           18     20     22     23     27     41     98    140    220    290    290   6143
GET      /tasks [home]                                                                          17     20     24     27     36     47     69     92    170    250    320  10992
GET      /tasks/{id}                                                                            15     16     17     19     24     34     59     93    160    210    210   4816
GET      /tasks/{id} [bot]                                                                      14     15     16     17     21     32     77    120    200    270    310 135099
PATCH    /tasks/{id} [patch]                                                                    18     21     24     28     36     46     83    130    240    270    270   2490
GET      /tasks/{id}/comments                                                                    5      6      7      7     10     14     23     33    100    120    120   4816
POST     /tasks/{id}/comments [create]                                                           6      7      8      8     12     19     34     47     91     91     91    419
POST     /tasks/{id}/labels [add]                                                               14     16     17     17     23     35     75     83    150    150    150    812
PUT      /tasks/{id}/position                                                                   10     10     11     12     15     23     46     82    130    140    140   1200
PUT      /tasks/{id}/read                                                                        3      3      4      4      5      7     13     19     52     76     76   4816
GET      /user                                                                                   6     10     13     14     18     21     31     39     75     87     87   4922
POST     /user/token/refresh                                                                     7     10     13     15     21     27     34     41    110    200    200   5885
WS       connect+auth+subscribe                                                                  5     10     15     17     22     27     33     37     48     49     49   4922
--------|--------------------------------------------------------------------------------|--------|------|------|------|------|------|------|------|------|------|------|------
         Aggregated                                                                             13     15     16     17     21     32     61     97    190    260    330 361366

