[2026-09-05 23:51:05,166] perf-loadgen/INFO/locust.main: Starting Locust 2.46.4
[2026-09-05 23:51:05,167] perf-loadgen/INFO/locust.main: Starting web interface at http://127.0.0.1:8089, press enter to open your default browser.
[2026-09-05 23:51:05,179] perf-loadgen/INFO/locust.main: Run time limit set to 600 seconds
[2026-09-05 23:51:05,183] perf-loadgen/INFO/locust.runners: Ramping to 6000 users at a rate of 50.00 per second
[2026-09-05 23:52:55,213] perf-loadgen/WARNING/root: CPU usage above 90%! This may constrain your throughput and may even give inconsistent response time measurements! See https://docs.locust.io/en/stable/running-distributed.html for how to distribute the load over multiple CPU cores or machines
[2026-09-05 23:53:05,357] perf-loadgen/INFO/locust.runners: All users spawned: {"Glancer": 2572, "IntegrationBot": 857, "Worker": 2571} (6000 total users)
[2026-09-06 00:01:04,961] perf-loadgen/INFO/locust.main: --run-time limit reached, stopping test
[2026-09-06 00:01:23,904] perf-loadgen/WARNING/locust.runners: CPU usage was too high at some point during the test! See https://docs.locust.io/en/stable/running-distributed.html for how to distribute the load over multiple CPU cores or machines
[2026-09-06 00:01:28,905] perf-loadgen/INFO/locust.main: --autoquit time reached, shutting down
[2026-09-06 00:01:28,981] perf-loadgen/INFO/locust.main: Shutting down (exit code 1)
Type     Name                                                                          # reqs      # fails |    Avg     Min     Max    Med |   req/s  failures/s
--------|----------------------------------------------------------------------------|-------|-------------|-------|-------|-------|-------|--------|-----------
GET      /avatar/{username}                                                            106452     0(0.00%) |     11       1     895      6 |  172.05        0.00
GET      /info                                                                           9880     0(0.00%) |     21       0     444     11 |   15.97        0.00
GET      /labels                                                                         9880     0(0.00%) |     27       4     299     22 |   15.97        0.00
POST     /login                                                                          5808     0(0.00%) |     69       6     504     61 |    9.39        0.00
GET      /projects                                                                       9880     0(0.00%) |     38       7     406     30 |   15.97        0.00
GET      /projects [bot]                                                                36465     0(0.00%) |     42       9    1009     27 |   58.94        0.00
POST     /projects [create]                                                               749     0(0.00%) |     71      21     684     64 |    1.21        0.00
GET      /projects/{id}                                                                 27620     0(0.00%) |     21       4     639     15 |   44.64        0.00
GET      /projects/{id}/tasks [bot]                                                     93345     0(0.00%) |     42       8    1390     27 |  150.87        0.00
POST     /projects/{id}/tasks [create]                                                   3965     2(0.05%) |     41      11     494     36 |    6.41        0.00
GET      /projects/{id}/views/{view}/buckets/tasks [kanban]                              7886     0(0.00%) |     38       8     481     33 |   12.75        0.00
PUT      /projects/{id}/views/{view}/buckets/{bucket}/tasks [move]                       1197     0(0.00%) |     34       4     494     29 |    1.93        0.00
GET      /projects/{id}/views/{view}/tasks [gantt]                                       1632     0(0.00%) |     37       5     432     31 |    2.64        0.00
GET      /projects/{id}/views/{view}/tasks [list]                                       29363     0(0.00%) |     30       4     901     25 |   47.46        0.00
GET      /tasks [bot]                                                                   12228     0(0.00%) |     49      11    1286     35 |   19.76        0.00
GET      /tasks [home]                                                                  21676     0(0.00%) |     41       9     792     36 |   35.03        0.00
GET      /tasks/{id}                                                                     9584     0(0.00%) |     35       9     504     29 |   15.49        0.00
GET      /tasks/{id} [bot]                                                             262820     0(0.00%) |     44       9    1312     30 |  424.78        0.00
PATCH    /tasks/{id} [patch]                                                             4927     0(0.00%) |     46       7     713     37 |    7.96        0.00
GET      /tasks/{id}/comments                                                            9584     0(0.00%) |     17       3     432     11 |   15.49        0.00
POST     /tasks/{id}/comments [create]                                                    797     0(0.00%) |     19       4     297     14 |    1.29        0.00
POST     /tasks/{id}/labels [add]                                                        1680     0(0.00%) |     32       8     490     27 |    2.72        0.00
PUT      /tasks/{id}/position                                                            2410     0(0.00%) |     24       6     285     18 |    3.90        0.00
PUT      /tasks/{id}/read                                                                9584     0(0.00%) |     11       1     634      6 |   15.49        0.00
GET      /user                                                                           9880     0(0.00%) |     26       1     616     16 |   15.97        0.00
POST     /user/token/refresh                                                            11821     1(0.01%) |     25       3    1034     17 |   19.11        0.00
WS       connect+auth+subscribe                                                          9880     0(0.00%) |     20       1     288     11 |   15.97        0.00
--------|----------------------------------------------------------------------------|-------|-------------|-------|-------|-------|-------|--------|-----------
         Aggregated                                                                    710993     3(0.00%) |     35       0    1390     24 | 1149.14        0.00

Response time percentiles (approximated)
Type     Name                                                                                  50%    66%    75%    80%    90%    95%    98%    99%  99.9% 99.99%   100% # reqs
--------|--------------------------------------------------------------------------------|--------|------|------|------|------|------|------|------|------|------|------|------
GET      /avatar/{username}                                                                      6      8     11     14     24     38     65     96    240    510    900 106452
GET      /info                                                                                  11     22     26     29     46     76    130    160    380    440    440   9880
GET      /labels                                                                                22     29     34     37     51     72    110    140    220    300    300   9880
POST     /login                                                                                 61     70     77     83    110    140    210    270    460    500    500   5808
GET      /projects                                                                              30     38     44     48     68    100    140    170    280    410    410   9880
GET      /projects [bot]                                                                        27     38     47     55     81    110    180    250    640    920   1000  36465
POST     /projects [create]                                                                     64     76     85     91    110    120    160    240    680    680    680    749
GET      /projects/{id}                                                                         15     20     24     27     38     52     76    110    340    500    640  27620
GET      /projects/{id}/tasks [bot]                                                             27     38     47     55     81    110    170    240    630    940   1400  93345
POST     /projects/{id}/tasks [create]                                                          36     44     50     54     65     78     99    120    330    490    490   3965
GET      /projects/{id}/views/{view}/buckets/tasks [kanban]                                     33     40     46     50     62     75    100    140    390    480    480   7886
PUT      /projects/{id}/views/{view}/buckets/{bucket}/tasks [move]                              29     37     43     48     62     75    110    130    430    490    490   1197
GET      /projects/{id}/views/{view}/tasks [gantt]                                              31     38     45     49     61     73    100    140    430    430    430   1632
GET      /projects/{id}/views/{view}/tasks [list]                                               25     31     36     39     50     63     90    130    340    610    900  29363
GET      /tasks [bot]                                                                           35     46     55     63     88    120    180    250    640    950   1300  12228
GET      /tasks [home]                                                                          36     44     50     54     66     82    120    150    380    590    790  21676
GET      /tasks/{id}                                                                            29     37     42     45     57     70     96    120    290    500    500   9584
GET      /tasks/{id} [bot]                                                                      30     40     50     58     84    120    180    250    610    940   1300 262820
PATCH    /tasks/{id} [patch]                                                                    37     48     57     63     83    110    140    190    530    710    710   4927
GET      /tasks/{id}/comments                                                                   11     15     19     22     32     45     71    110    240    430    430   9584
POST     /tasks/{id}/comments [create]                                                          14     18     22     24     35     45     81    110    300    300    300    797
POST     /tasks/{id}/labels [add]                                                               27     33     38     42     53     68     88    120    310    490    490   1680
PUT      /tasks/{id}/position                                                                   18     24     27     30     43     56     83    110    240    290    290   2410
PUT      /tasks/{id}/read                                                                        6      9     12     15     25     37     63    100    260    630    630   9584
GET      /user                                                                                  16     23     29     34     69    100    140    170    270    620    620   9880
POST     /user/token/refresh                                                                    17     24     29     33     46     63    100    160    460    510   1000  11821
WS       connect+auth+subscribe                                                                 11     24     31     35     45     58     83    110    170    290    290   9880
--------|--------------------------------------------------------------------------------|--------|------|------|------|------|------|------|------|------|------|------|------
         Aggregated                                                                             24     33     41     48     70     98    150    200    540    890   1400 710993

Error report
# occurrences      Error                                                                                               
------------------|---------------------------------------------------------------------------------------------------------------------------------------------
2                  POST /projects/{id}/tasks [create]: LocustBadStatusCode(code=500)                                   
1                  POST /user/token/refresh: LocustBadStatusCode(code=401)                                             
------------------|---------------------------------------------------------------------------------------------------------------------------------------------

