[2026-09-06 14:37:55,511] perf-loadgen/INFO/locust.main: Starting Locust 2.46.4
[2026-09-06 14:37:55,556] perf-loadgen/INFO/locust.main: Starting web interface at http://127.0.0.1:8089, press enter to open your default browser.
[2026-09-06 14:37:55,569] perf-loadgen/INFO/locust.runners: perf-loadgen_960b52e4353241d0a596a7408a330985 (index 0) reported as ready. 1 workers connected.
[2026-09-06 14:37:55,569] perf-loadgen/INFO/locust.runners: perf-loadgen_9eebb300f62745008901dd2d769319b4 (index 1) reported as ready. 2 workers connected.
[2026-09-06 14:37:55,569] perf-loadgen/INFO/locust.runners: perf-loadgen_5d2a2620c1a04d37bd4afebb8aedaa52 (index 2) reported as ready. 3 workers connected.
[2026-09-06 14:37:55,569] perf-loadgen/INFO/locust.runners: perf-loadgen_9de53702d59140cb9be55d1ffbc6f530 (index 3) reported as ready. 4 workers connected.
[2026-09-06 14:37:55,569] perf-loadgen/INFO/locust.runners: perf-loadgen_78ea2c9ef23a4c8ea680b13f751b5888 (index 4) reported as ready. 5 workers connected.
[2026-09-06 14:37:55,569] perf-loadgen/INFO/locust.runners: perf-loadgen_3e25bc02dfbf4edf923c4d554d8cb925 (index 5) reported as ready. 6 workers connected.
[2026-09-06 14:37:55,570] perf-loadgen/INFO/locust.runners: perf-loadgen_3539b9deb204446f8d1358d8159f0ff4 (index 6) reported as ready. 7 workers connected.
[2026-09-06 14:37:55,726] perf-loadgen/INFO/locust.runners: perf-loadgen_1d7d61e3bba94ea485bb95cc1facbc44 (index 7) reported as ready. 8 workers connected.
[2026-09-06 14:37:55,727] perf-loadgen/INFO/locust.runners: perf-loadgen_392575260f4443e18882380bc7b7696f (index 8) reported as ready. 9 workers connected.
[2026-09-06 14:37:55,729] perf-loadgen/INFO/locust.runners: perf-loadgen_b54a19704e8e448fbb61fa2d6e1a1e98 (index 9) reported as ready. 10 workers connected.
[2026-09-06 14:37:55,730] perf-loadgen/INFO/locust.runners: perf-loadgen_05f0f2aef96b4352ab4b155e271c5399 (index 10) reported as ready. 11 workers connected.
[2026-09-06 14:37:55,731] perf-loadgen/INFO/locust.runners: perf-loadgen_10f3edb9bb72426cb7c9fd75d8af9dc4 (index 11) reported as ready. 12 workers connected.
[2026-09-06 14:37:55,731] perf-loadgen/INFO/locust.runners: perf-loadgen_ba9e824ecd714b3da306c2a53b408f5e (index 12) reported as ready. 13 workers connected.
[2026-09-06 14:37:55,733] perf-loadgen/INFO/locust.runners: perf-loadgen_ffba016d7fdb4307ace815d7aaa24284 (index 13) reported as ready. 14 workers connected.
[2026-09-06 14:37:55,735] perf-loadgen/INFO/locust.runners: perf-loadgen_d17528fcc3b84d4db812657426c44eff (index 14) reported as ready. 15 workers connected.
[2026-09-06 14:37:55,739] perf-loadgen/INFO/locust.runners: perf-loadgen_e29eda2646644e6b91bcc2abeeef718a (index 15) reported as ready. 16 workers connected.
[2026-09-06 14:37:56,570] perf-loadgen/INFO/locust.main: Run time limit set to 600 seconds
[2026-09-06 14:37:56,571] perf-loadgen/INFO/locust.runners: Sending spawn jobs of 20000 users at 125.00 spawn rate to 16 ready workers
[2026-09-06 14:40:36,778] perf-loadgen/INFO/locust.runners: All users spawned: {"Glancer": 8572, "IntegrationBot": 2857, "Worker": 8571} (20000 total users)
[2026-09-06 14:47:56,571] perf-loadgen/INFO/locust.main: --run-time limit reached, stopping test
[2026-09-06 14:48:12,462] perf-loadgen/INFO/locust.runners: perf-loadgen_05f0f2aef96b4352ab4b155e271c5399 (index 10) reported that it has stopped
[2026-09-06 14:48:13,113] perf-loadgen/INFO/locust.runners: perf-loadgen_e29eda2646644e6b91bcc2abeeef718a (index 15) reported that it has stopped
[2026-09-06 14:48:13,135] perf-loadgen/INFO/locust.runners: perf-loadgen_10f3edb9bb72426cb7c9fd75d8af9dc4 (index 11) reported that it has stopped
[2026-09-06 14:48:13,162] perf-loadgen/INFO/locust.runners: perf-loadgen_9eebb300f62745008901dd2d769319b4 (index 1) reported that it has stopped
[2026-09-06 14:48:13,293] perf-loadgen/INFO/locust.runners: perf-loadgen_78ea2c9ef23a4c8ea680b13f751b5888 (index 4) reported that it has stopped
[2026-09-06 14:48:13,754] perf-loadgen/INFO/locust.runners: perf-loadgen_ba9e824ecd714b3da306c2a53b408f5e (index 12) reported that it has stopped
[2026-09-06 14:48:13,941] perf-loadgen/INFO/locust.runners: Discarded report from unrecognized worker perf-loadgen_78ea2c9ef23a4c8ea680b13f751b5888
[2026-09-06 14:48:13,957] perf-loadgen/INFO/locust.runners: Discarded report from unrecognized worker perf-loadgen_9eebb300f62745008901dd2d769319b4
[2026-09-06 14:48:14,113] perf-loadgen/INFO/locust.runners: perf-loadgen_960b52e4353241d0a596a7408a330985 (index 0) reported that it has stopped
[2026-09-06 14:48:14,183] perf-loadgen/INFO/locust.runners: perf-loadgen_d17528fcc3b84d4db812657426c44eff (index 14) reported that it has stopped
[2026-09-06 14:48:14,685] perf-loadgen/INFO/locust.runners: perf-loadgen_9de53702d59140cb9be55d1ffbc6f530 (index 3) reported that it has stopped
[2026-09-06 14:48:14,720] perf-loadgen/INFO/locust.runners: Discarded report from unrecognized worker perf-loadgen_10f3edb9bb72426cb7c9fd75d8af9dc4
[2026-09-06 14:48:14,779] perf-loadgen/INFO/locust.runners: perf-loadgen_3e25bc02dfbf4edf923c4d554d8cb925 (index 5) reported that it has stopped
[2026-09-06 14:48:14,827] perf-loadgen/INFO/locust.runners: perf-loadgen_1d7d61e3bba94ea485bb95cc1facbc44 (index 7) reported that it has stopped
[2026-09-06 14:48:14,929] perf-loadgen/INFO/locust.runners: Discarded report from unrecognized worker perf-loadgen_ba9e824ecd714b3da306c2a53b408f5e
[2026-09-06 14:48:14,930] perf-loadgen/INFO/locust.runners: Discarded report from unrecognized worker perf-loadgen_1d7d61e3bba94ea485bb95cc1facbc44
[2026-09-06 14:48:14,936] perf-loadgen/INFO/locust.runners: Discarded report from unrecognized worker perf-loadgen_d17528fcc3b84d4db812657426c44eff
[2026-09-06 14:48:14,938] perf-loadgen/INFO/locust.runners: Discarded report from unrecognized worker perf-loadgen_05f0f2aef96b4352ab4b155e271c5399
[2026-09-06 14:48:14,945] perf-loadgen/INFO/locust.runners: Discarded report from unrecognized worker perf-loadgen_e29eda2646644e6b91bcc2abeeef718a
[2026-09-06 14:48:15,119] perf-loadgen/INFO/locust.runners: perf-loadgen_5d2a2620c1a04d37bd4afebb8aedaa52 (index 2) reported that it has stopped
[2026-09-06 14:48:15,251] perf-loadgen/INFO/locust.runners: perf-loadgen_3539b9deb204446f8d1358d8159f0ff4 (index 6) reported that it has stopped
[2026-09-06 14:48:16,730] perf-loadgen/INFO/locust.runners: perf-loadgen_392575260f4443e18882380bc7b7696f (index 8) reported that it has stopped
[2026-09-06 14:48:16,939] perf-loadgen/INFO/locust.runners: Discarded report from unrecognized worker perf-loadgen_960b52e4353241d0a596a7408a330985
[2026-09-06 14:48:16,943] perf-loadgen/INFO/locust.runners: Discarded report from unrecognized worker perf-loadgen_78ea2c9ef23a4c8ea680b13f751b5888
[2026-09-06 14:48:16,945] perf-loadgen/INFO/locust.runners: Discarded report from unrecognized worker perf-loadgen_9de53702d59140cb9be55d1ffbc6f530
[2026-09-06 14:48:16,945] perf-loadgen/INFO/locust.runners: Discarded report from unrecognized worker perf-loadgen_3e25bc02dfbf4edf923c4d554d8cb925
[2026-09-06 14:48:16,956] perf-loadgen/INFO/locust.runners: Discarded report from unrecognized worker perf-loadgen_5d2a2620c1a04d37bd4afebb8aedaa52
[2026-09-06 14:48:16,958] perf-loadgen/INFO/locust.runners: Discarded report from unrecognized worker perf-loadgen_9eebb300f62745008901dd2d769319b4
[2026-09-06 14:48:16,959] perf-loadgen/INFO/locust.runners: Discarded report from unrecognized worker perf-loadgen_3539b9deb204446f8d1358d8159f0ff4
[2026-09-06 14:48:17,100] perf-loadgen/INFO/locust.runners: perf-loadgen_ffba016d7fdb4307ace815d7aaa24284 (index 13) reported that it has stopped
[2026-09-06 14:48:17,515] perf-loadgen/INFO/locust.runners: perf-loadgen_b54a19704e8e448fbb61fa2d6e1a1e98 (index 9) reported that it has stopped
[2026-09-06 14:48:17,722] perf-loadgen/INFO/locust.runners: Discarded report from unrecognized worker perf-loadgen_10f3edb9bb72426cb7c9fd75d8af9dc4
[2026-09-06 14:48:17,931] perf-loadgen/INFO/locust.runners: Discarded report from unrecognized worker perf-loadgen_ba9e824ecd714b3da306c2a53b408f5e
[2026-09-06 14:48:17,931] perf-loadgen/INFO/locust.runners: Discarded report from unrecognized worker perf-loadgen_1d7d61e3bba94ea485bb95cc1facbc44
[2026-09-06 14:48:17,936] perf-loadgen/INFO/locust.runners: Discarded report from unrecognized worker perf-loadgen_392575260f4443e18882380bc7b7696f
[2026-09-06 14:48:17,938] perf-loadgen/INFO/locust.runners: Discarded report from unrecognized worker perf-loadgen_ffba016d7fdb4307ace815d7aaa24284
[2026-09-06 14:48:17,938] perf-loadgen/INFO/locust.runners: Discarded report from unrecognized worker perf-loadgen_d17528fcc3b84d4db812657426c44eff
[2026-09-06 14:48:17,939] perf-loadgen/INFO/locust.runners: Discarded report from unrecognized worker perf-loadgen_05f0f2aef96b4352ab4b155e271c5399
[2026-09-06 14:48:17,941] perf-loadgen/INFO/locust.runners: Discarded report from unrecognized worker perf-loadgen_b54a19704e8e448fbb61fa2d6e1a1e98
[2026-09-06 14:48:17,946] perf-loadgen/INFO/locust.runners: Discarded report from unrecognized worker perf-loadgen_e29eda2646644e6b91bcc2abeeef718a
[2026-09-06 14:48:19,941] perf-loadgen/INFO/locust.runners: Discarded report from unrecognized worker perf-loadgen_960b52e4353241d0a596a7408a330985
[2026-09-06 14:48:19,945] perf-loadgen/INFO/locust.runners: Discarded report from unrecognized worker perf-loadgen_78ea2c9ef23a4c8ea680b13f751b5888
[2026-09-06 14:48:19,948] perf-loadgen/INFO/locust.runners: Discarded report from unrecognized worker perf-loadgen_9de53702d59140cb9be55d1ffbc6f530
[2026-09-06 14:48:19,948] perf-loadgen/INFO/locust.runners: Discarded report from unrecognized worker perf-loadgen_3e25bc02dfbf4edf923c4d554d8cb925
[2026-09-06 14:48:19,958] perf-loadgen/INFO/locust.runners: Discarded report from unrecognized worker perf-loadgen_5d2a2620c1a04d37bd4afebb8aedaa52
[2026-09-06 14:48:19,960] perf-loadgen/INFO/locust.runners: Discarded report from unrecognized worker perf-loadgen_9eebb300f62745008901dd2d769319b4
[2026-09-06 14:48:19,961] perf-loadgen/INFO/locust.runners: Discarded report from unrecognized worker perf-loadgen_3539b9deb204446f8d1358d8159f0ff4
[2026-09-06 14:48:20,723] perf-loadgen/INFO/locust.runners: Discarded report from unrecognized worker perf-loadgen_10f3edb9bb72426cb7c9fd75d8af9dc4
[2026-09-06 14:48:20,933] perf-loadgen/INFO/locust.runners: Discarded report from unrecognized worker perf-loadgen_ba9e824ecd714b3da306c2a53b408f5e
[2026-09-06 14:48:20,933] perf-loadgen/INFO/locust.runners: Discarded report from unrecognized worker perf-loadgen_1d7d61e3bba94ea485bb95cc1facbc44
[2026-09-06 14:48:20,937] perf-loadgen/INFO/locust.runners: Discarded report from unrecognized worker perf-loadgen_392575260f4443e18882380bc7b7696f
[2026-09-06 14:48:20,939] perf-loadgen/INFO/locust.runners: Discarded report from unrecognized worker perf-loadgen_ffba016d7fdb4307ace815d7aaa24284
[2026-09-06 14:48:20,940] perf-loadgen/INFO/locust.runners: Discarded report from unrecognized worker perf-loadgen_d17528fcc3b84d4db812657426c44eff
[2026-09-06 14:48:20,940] perf-loadgen/INFO/locust.runners: Discarded report from unrecognized worker perf-loadgen_05f0f2aef96b4352ab4b155e271c5399
[2026-09-06 14:48:20,943] perf-loadgen/INFO/locust.runners: Discarded report from unrecognized worker perf-loadgen_b54a19704e8e448fbb61fa2d6e1a1e98
[2026-09-06 14:48:20,948] perf-loadgen/INFO/locust.runners: Discarded report from unrecognized worker perf-loadgen_e29eda2646644e6b91bcc2abeeef718a
[2026-09-06 14:48:22,598] perf-loadgen/INFO/locust.main: --autoquit time reached, shutting down
[2026-09-06 14:48:22,943] perf-loadgen/INFO/locust.runners: Discarded report from unrecognized worker perf-loadgen_960b52e4353241d0a596a7408a330985
[2026-09-06 14:48:22,947] perf-loadgen/INFO/locust.runners: Discarded report from unrecognized worker perf-loadgen_78ea2c9ef23a4c8ea680b13f751b5888
[2026-09-06 14:48:22,950] perf-loadgen/INFO/locust.runners: Discarded report from unrecognized worker perf-loadgen_9de53702d59140cb9be55d1ffbc6f530
[2026-09-06 14:48:22,950] perf-loadgen/INFO/locust.runners: Discarded report from unrecognized worker perf-loadgen_3e25bc02dfbf4edf923c4d554d8cb925
[2026-09-06 14:48:22,960] perf-loadgen/INFO/locust.runners: Discarded report from unrecognized worker perf-loadgen_5d2a2620c1a04d37bd4afebb8aedaa52
[2026-09-06 14:48:22,961] perf-loadgen/INFO/locust.runners: Discarded report from unrecognized worker perf-loadgen_9eebb300f62745008901dd2d769319b4
[2026-09-06 14:48:22,963] perf-loadgen/INFO/locust.runners: Discarded report from unrecognized worker perf-loadgen_3539b9deb204446f8d1358d8159f0ff4
[2026-09-06 14:48:23,657] perf-loadgen/INFO/locust.main: Shutting down (exit code 1)
Type     Name                                                                          # reqs      # fails |    Avg     Min     Max    Med |   req/s  failures/s
--------|----------------------------------------------------------------------------|-------|-------------|-------|-------|-------|-------|--------|-----------
GET      /avatar/{username}                                                            345335     0(0.00%) |     10       0    1095      8 |  556.15        0.00
GET      /info                                                                          32165     0(0.00%) |      3       0      98      3 |   51.80        0.00
GET      /labels                                                                        32165     0(0.00%) |     22       3    1143     17 |   51.80        0.00
POST     /login                                                                         19492     0(0.00%) |     53       4    1111     43 |   31.39        0.00
GET      /projects                                                                      32165     0(0.00%) |     46       6    1100     42 |   51.80        0.00
GET      /projects [bot]                                                               116998     0(0.00%) |     46       6    1084     42 |  188.42        0.00
POST     /projects [create]                                                              2489     0(0.00%) |    110      18     333    110 |    4.01        0.00
GET      /projects/{id}                                                                 89555     0(0.00%) |     20       2    1106     18 |  144.22        0.00
GET      /projects/{id}/tasks [bot]                                                    299238     0(0.00%) |     43       5    1117     39 |  481.91        0.00
POST     /projects/{id}/tasks [create]                                                  12701    32(0.25%) |     63       8     504     60 |   20.45        0.05
GET      /projects/{id}/views/{view}/buckets/tasks [kanban]                             25715     0(0.00%) |     52       7    1108     49 |   41.41        0.00
PUT      /projects/{id}/views/{view}/buckets/{bucket}/tasks [move]                       3778     0(0.00%) |     41       3     326     34 |    6.08        0.00
GET      /projects/{id}/views/{view}/tasks [gantt]                                       5174     0(0.00%) |     50       5     414     46 |    8.33        0.00
GET      /projects/{id}/views/{view}/tasks [list]                                       94667     0(0.00%) |     43       2    1055     41 |  152.46        0.00
GET      /tasks [bot]                                                                   39212     0(0.00%) |     58      10    1123     54 |   63.15        0.00
GET      /tasks [home]                                                                  70500     0(0.00%) |     56       8    1132     53 |  113.54        0.00
GET      /tasks/{id}                                                                    30788     0(0.00%) |     46       6    1116     44 |   49.58        0.00
GET      /tasks/{id} [bot]                                                             847215     0(0.00%) |     39       4    1172     36 | 1364.40        0.00
PATCH    /tasks/{id} [patch]                                                            15243     0(0.00%) |     60       5     495     50 |   24.55        0.00
GET      /tasks/{id}/comments                                                           30788     0(0.00%) |     19       2    1085     17 |   49.58        0.00
POST     /tasks/{id}/comments [create]                                                   2463     0(0.00%) |     21       3     509     19 |    3.97        0.00
POST     /tasks/{id}/labels [add]                                                        5136     0(0.00%) |     39       6     314     37 |    8.27        0.00
PUT      /tasks/{id}/position                                                            7648     0(0.00%) |     27       4    1112     24 |   12.32        0.00
PUT      /tasks/{id}/read                                                               30788     0(0.00%) |     10       1    1081      8 |   49.58        0.00
GET      /user                                                                          32165     0(0.00%) |     17       1    1037     11 |   51.80        0.00
POST     /user/token/refresh                                                            38408     2(0.01%) |     22       3    1103     20 |   61.85        0.00
WS       connect+auth+subscribe                                                         32165     0(0.00%) |      9       1    1141      9 |   51.80        0.00
--------|----------------------------------------------------------------------------|-------|-------------|-------|-------|-------|-------|--------|-----------
         Aggregated                                                                   2294156    34(0.00%) |     34       0    1172     29 | 3694.64        0.05

Response time percentiles (approximated)
Type     Name                                                                                  50%    66%    75%    80%    90%    95%    98%    99%  99.9% 99.99%   100% # reqs
--------|--------------------------------------------------------------------------------|--------|------|------|------|------|------|------|------|------|------|------|------
GET      /avatar/{username}                                                                      8     10     12     13     18     24     43     64    150    280   1100 345335
GET      /info                                                                                   3      4      5      6      8      9     10     11     19     76     99  32165
GET      /labels                                                                                17     21     25     28     40     59     88    110    230    420   1100  32165
POST     /login                                                                                 43     54     64     72     96    120    160    190    330    590   1100  19492
GET      /projects                                                                              42     51     57     61     74     92    120    150    260    420   1100  32165
GET      /projects [bot]                                                                        42     52     58     62     75     92    120    150    280    450   1100 116998
POST     /projects [create]                                                                    110    130    150    160    180    190    220    240    290    330    330   2489
GET      /projects/{id}                                                                         18     23     26     28     34     42     65     87    180    430   1100  89555
GET      /projects/{id}/tasks [bot]                                                             39     49     55     58     70     87    120    160    280    450   1100 299238
POST     /projects/{id}/tasks [create]                                                          60     76     85     90    100    110    140    170    260    440    500  12701
GET      /projects/{id}/views/{view}/buckets/tasks [kanban]                                     49     61     68     72     84     98    120    140    220    320   1100  25715
PUT      /projects/{id}/views/{view}/buckets/{bucket}/tasks [move]                              34     49     59     65     80     91    110    140    240    330    330   3778
GET      /projects/{id}/views/{view}/tasks [gantt]                                              46     59     67     73     86     96    110    130    270    410    410   5174
GET      /projects/{id}/views/{view}/tasks [list]                                               41     51     57     61     71     81    100    120    220    360   1100  94667
GET      /tasks [bot]                                                                           54     67     75     79     94    110    140    170    300    470   1100  39212
GET      /tasks [home]                                                                          53     64     72     76     89    100    130    150    250    380   1100  70500
GET      /tasks/{id}                                                                            44     54     61     64     74     84    100    130    240    390   1100  30788
GET      /tasks/{id} [bot]                                                                      36     45     50     54     65     82    120    150    280    450   1200 847215
PATCH    /tasks/{id} [patch]                                                                    50     67     79     87    110    150    180    210    340    480    500  15243
GET      /tasks/{id}/comments                                                                   17     21     24     26     32     40     63     85    190    340   1100  30788
POST     /tasks/{id}/comments [create]                                                          19     24     26     28     34     44     65     83    220    510    510   2463
POST     /tasks/{id}/labels [add]                                                               37     46     51     55     63     73     93    110    210    310    310   5136
PUT      /tasks/{id}/position                                                                   24     31     35     37     44     53     77     98    220   1100   1100   7648
PUT      /tasks/{id}/read                                                                        8     10     12     13     17     25     45     67    140    240   1100  30788
GET      /user                                                                                  11     15     19     22     37     54     84    100    200    310   1000  32165
POST     /user/token/refresh                                                                    20     24     26     28     36     47     67     86    180    430   1100  38408
WS       connect+auth+subscribe                                                                  9     10     11     12     14     15     17     20     55    210   1100  32165
--------|--------------------------------------------------------------------------------|--------|------|------|------|------|------|------|------|------|------|------|------
         Aggregated                                                                             29     41     48     53     66     82    110    140    260    440   1200 2294156

Error report
# occurrences      Error                                                                                               
------------------|---------------------------------------------------------------------------------------------------------------------------------------------
32                 POST /projects/{id}/tasks [create]: LocustBadStatusCode(code=500)                                   
2                  POST /user/token/refresh: LocustBadStatusCode(code=401)                                             
------------------|---------------------------------------------------------------------------------------------------------------------------------------------

